../Core/Src/main.c:68:6:delay_nop	0	static,ignoring_inline_asm
../Core/Src/main.c:76:6:Send_Data_To_UART1	0	static
../Core/Src/main.c:82:6:iputs1	8	static
../Core/Src/main.c:89:6:iputbytes1	16	static
../Core/Src/main.c:95:6:uartsendcmd	32	static
../Core/Src/main.c:109:6:uartsendstr	24	static
../Core/Src/main.c:125:6:Send_Data_To_UARTx	0	static
../Core/Src/main.c:131:6:iputsx	16	static
../Core/Src/main.c:137:6:iputbytesx	16	static
../Core/Src/main.c:143:6:uartsendcmdx	32	static
../Core/Src/main.c:156:6:uartsendstrx	24	static
../Core/Src/main.c:172:6:spi_transmitbytes	12	static
../Core/Src/main.c:181:6:pwmled_task	0	static
../Core/Src/main.c:196:9:i2c_writereg	32	static
../Core/Src/main.c:208:9:i2c_readreg	32	static
../Core/Src/main.c:215:9:i2c_writebytes	24	static
../Core/Src/main.c:227:9:i2c_readbytes	24	static
../Core/Src/main.c:390:6:SystemClock_Config	8	static,ignoring_inline_asm
../Core/Src/main.c:245:5:main	24	static
../Core/Src/main.c:440:6:Error_Handler	0	static,ignoring_inline_asm
