main.c:68:6:delay_nop	2
main.c:76:6:Send_Data_To_UART1	2
main.c:82:6:iputs1	2
main.c:89:6:iputbytes1	2
main.c:95:6:uartsendcmd	1
main.c:109:6:uartsendstr	1
main.c:125:6:Send_Data_To_UARTx	2
main.c:131:6:iputsx	2
main.c:137:6:iputbytesx	2
main.c:143:6:uartsendcmdx	1
main.c:156:6:uartsendstrx	1
main.c:172:6:spi_transmitbytes	3
main.c:181:6:pwmled_task	2
main.c:196:9:i2c_writereg	1
main.c:208:9:i2c_readreg	1
main.c:215:9:i2c_writebytes	1
main.c:227:9:i2c_readbytes	1
main.c:390:6:SystemClock_Config	6
main.c:245:5:main	2
main.c:440:6:Error_Handler	1
