Component: ARM Compiler 5.06 (build 20) Tool: armlink [4d35a3]

==============================================================================

Section Cross References

    startup_stm32f030xc.o(STACK) refers (Special) to heapauxi.o(.text) for __use_two_region_memory
    startup_stm32f030xc.o(HEAP) refers (Special) to heapauxi.o(.text) for __use_two_region_memory
    startup_stm32f030xc.o(RESET) refers (Special) to heapauxi.o(.text) for __use_two_region_memory
    startup_stm32f030xc.o(RESET) refers to startup_stm32f030xc.o(STACK) for __initial_sp
    startup_stm32f030xc.o(RESET) refers to startup_stm32f030xc.o(.text) for Reset_Handler
    startup_stm32f030xc.o(RESET) refers to stm32f0xx_it.o(i.NMI_Handler) for NMI_Handler
    startup_stm32f030xc.o(RESET) refers to stm32f0xx_it.o(i.HardFault_Handler) for HardFault_Handler
    startup_stm32f030xc.o(RESET) refers to stm32f0xx_it.o(i.SVC_Handler) for SVC_Handler
    startup_stm32f030xc.o(RESET) refers to stm32f0xx_it.o(i.PendSV_Handler) for PendSV_Handler
    startup_stm32f030xc.o(RESET) refers to stm32f0xx_it.o(i.SysTick_Handler) for SysTick_Handler
    startup_stm32f030xc.o(RESET) refers to stm32f0xx_it.o(i.USART1_IRQHandler) for USART1_IRQHandler
    startup_stm32f030xc.o(RESET) refers to stm32f0xx_it.o(i.USART2_IRQHandler) for USART2_IRQHandler
    startup_stm32f030xc.o(RESET) refers to stm32f0xx_it.o(i.USART3_6_IRQHandler) for USART3_6_IRQHandler
    startup_stm32f030xc.o(.text) refers (Special) to heapauxi.o(.text) for __use_two_region_memory
    startup_stm32f030xc.o(.text) refers to system_stm32f0xx.o(i.SystemInit) for SystemInit
    startup_stm32f030xc.o(.text) refers to __main.o(!!!main) for __main
    startup_stm32f030xc.o(.text) refers to startup_stm32f030xc.o(HEAP) for Heap_Mem
    startup_stm32f030xc.o(.text) refers to startup_stm32f030xc.o(STACK) for Stack_Mem
    app_rgbled.o(i.led2spi_data) refers to app_rgbled.o(i.led2spi_onedata) for led2spi_onedata
    app_rgbled.o(i.led2spi_data) refers to app_rgbled.o(.data) for .data
    app_rgbled.o(i.rgbled_task) refers to app_rgbled.o(i.led2spi_data) for led2spi_data
    app_rgbled.o(i.rgbled_task) refers to stm32f0xx_ll_utils.o(i.LL_mDelay) for LL_mDelay
    app_rgbled.o(i.rgbled_task) refers to main.o(i.spi_transmitbytes) for spi_transmitbytes
    app_rgbled.o(i.rgbled_task) refers to app_rgbled.o(.bss) for .bss
    app_rgbled.o(i.rgbled_task) refers to app_rgbled.o(.data) for .data
    app_rgbled.o(i.set_color_black) refers to app_rgbled.o(.data) for .data
    app_rgbled.o(i.set_color_blue) refers to app_rgbled.o(.data) for .data
    app_rgbled.o(i.set_color_green) refers to app_rgbled.o(.data) for .data
    app_rgbled.o(i.set_color_red) refers to app_rgbled.o(.data) for .data
    app_rgbled.o(i.set_color_rgb) refers to app_rgbled.o(.data) for .data
    app_rgbled.o(i.set_color_white) refers to app_rgbled.o(.data) for .data
    app_rgbled.o(i.switch_color) refers to app_rgbled.o(i.set_color_red) for set_color_red
    app_rgbled.o(i.switch_color) refers to app_rgbled.o(i.set_color_green) for set_color_green
    app_rgbled.o(i.switch_color) refers to app_rgbled.o(i.set_color_blue) for set_color_blue
    app_rgbled.o(i.switch_color) refers to app_rgbled.o(i.set_color_white) for set_color_white
    app_rgbled.o(i.switch_color) refers to app_rgbled.o(i.set_color_black) for set_color_black
    app_rgbled.o(i.switch_color) refers to app_rgbled.o(.data) for .data
    app_mp2664gg.o(i.closecharge) refers to app_mp2664gg.o(i.selbattchannel) for selbattchannel
    app_mp2664gg.o(i.closecharge) refers to main.o(i.i2c_readreg) for i2c_readreg
    app_mp2664gg.o(i.closecharge) refers to main.o(i.i2c_writereg) for i2c_writereg
    app_mp2664gg.o(i.closecharge) refers to stm32f0xx_ll_utils.o(i.LL_mDelay) for LL_mDelay
    app_mp2664gg.o(i.get_fault) refers to app_mp2664gg.o(i.selbattchannel) for selbattchannel
    app_mp2664gg.o(i.get_fault) refers to main.o(i.i2c_readreg) for i2c_readreg
    app_mp2664gg.o(i.get_system_status) refers to app_mp2664gg.o(i.selbattchannel) for selbattchannel
    app_mp2664gg.o(i.get_system_status) refers to main.o(i.i2c_readreg) for i2c_readreg
    app_mp2664gg.o(i.opencharge) refers to app_mp2664gg.o(i.selbattchannel) for selbattchannel
    app_mp2664gg.o(i.opencharge) refers to main.o(i.i2c_readreg) for i2c_readreg
    app_mp2664gg.o(i.opencharge) refers to main.o(i.i2c_writereg) for i2c_writereg
    app_mp2664gg.o(i.opencharge) refers to stm32f0xx_ll_utils.o(i.LL_mDelay) for LL_mDelay
    app_mp2664gg.o(i.selbattchannel) refers to app_mp2664gg.o(i.__ARM_common_switch8) for __ARM_common_switch8
    app_mp2664gg.o(i.set_batt_UVLO) refers to app_mp2664gg.o(i.selbattchannel) for selbattchannel
    app_mp2664gg.o(i.set_batt_UVLO) refers to main.o(i.i2c_readreg) for i2c_readreg
    app_mp2664gg.o(i.set_batt_UVLO) refers to main.o(i.i2c_writereg) for i2c_writereg
    app_mp2664gg.o(i.set_batt_UVLO) refers to stm32f0xx_ll_utils.o(i.LL_mDelay) for LL_mDelay
[...]
    Removing stm32f0xx_hal_rcc_ex.o(i.HAL_RCCEx_PeriphCLKConfig), (232 bytes).
    Removing stm32f0xx_hal.o(.rev16_text), (4 bytes).
    Removing stm32f0xx_hal.o(.revsh_text), (4 bytes).
    Removing stm32f0xx_hal.o(i.HAL_DBGMCU_DisableDBGStandbyMode), (16 bytes).
    Removing stm32f0xx_hal.o(i.HAL_DBGMCU_DisableDBGStopMode), (16 bytes).
    Removing stm32f0xx_hal.o(i.HAL_DBGMCU_EnableDBGStandbyMode), (16 bytes).
    Removing stm32f0xx_hal.o(i.HAL_DBGMCU_EnableDBGStopMode), (16 bytes).
    Removing stm32f0xx_hal.o(i.HAL_DeInit), (36 bytes).
    Removing stm32f0xx_hal.o(i.HAL_Delay), (36 bytes).
    Removing stm32f0xx_hal.o(i.HAL_GetDEVID), (16 bytes).
    Removing stm32f0xx_hal.o(i.HAL_GetHalVersion), (8 bytes).
    Removing stm32f0xx_hal.o(i.HAL_GetREVID), (12 bytes).
    Removing stm32f0xx_hal.o(i.HAL_GetTickFreq), (12 bytes).
    Removing stm32f0xx_hal.o(i.HAL_GetTickPrio), (12 bytes).
    Removing stm32f0xx_hal.o(i.HAL_GetUIDw0), (12 bytes).
    Removing stm32f0xx_hal.o(i.HAL_GetUIDw1), (12 bytes).
    Removing stm32f0xx_hal.o(i.HAL_GetUIDw2), (12 bytes).
    Removing stm32f0xx_hal.o(i.HAL_MspDeInit), (2 bytes).
    Removing stm32f0xx_hal.o(i.HAL_MspInit), (2 bytes).
    Removing stm32f0xx_hal.o(i.HAL_ResumeTick), (16 bytes).
    Removing stm32f0xx_hal.o(i.HAL_SetTickFreq), (36 bytes).
    Removing stm32f0xx_hal.o(i.HAL_SuspendTick), (16 bytes).
    Removing stm32f0xx_hal_gpio.o(.rev16_text), (4 bytes).
    Removing stm32f0xx_hal_gpio.o(.revsh_text), (4 bytes).
    Removing stm32f0xx_hal_gpio.o(i.HAL_GPIO_DeInit), (212 bytes).
    Removing stm32f0xx_hal_gpio.o(i.HAL_GPIO_EXTI_Callback), (2 bytes).
    Removing stm32f0xx_hal_gpio.o(i.HAL_GPIO_EXTI_IRQHandler), (24 bytes).
    Removing stm32f0xx_hal_gpio.o(i.HAL_GPIO_LockPin), (36 bytes).
    Removing stm32f0xx_hal_gpio.o(i.HAL_GPIO_ReadPin), (10 bytes).
    Removing stm32f0xx_hal_gpio.o(i.HAL_GPIO_TogglePin), (16 bytes).
    Removing stm32f0xx_hal_gpio.o(i.HAL_GPIO_WritePin), (12 bytes).
    Removing stm32f0xx_hal_dma.o(.rev16_text), (4 bytes).
    Removing stm32f0xx_hal_dma.o(.revsh_text), (4 bytes).
    Removing stm32f0xx_hal_dma.o(i.DMA_CalcBaseAndBitshift), (36 bytes).
    Removing stm32f0xx_hal_dma.o(i.DMA_SetConfig), (40 bytes).
    Removing stm32f0xx_hal_dma.o(i.HAL_DMA_Abort), (64 bytes).
    Removing stm32f0xx_hal_dma.o(i.HAL_DMA_Abort_IT), (72 bytes).
    Removing stm32f0xx_hal_dma.o(i.HAL_DMA_DeInit), (74 bytes).
    Removing stm32f0xx_hal_dma.o(i.HAL_DMA_GetError), (4 bytes).
    Removing stm32f0xx_hal_dma.o(i.HAL_DMA_GetState), (6 bytes).
    Removing stm32f0xx_hal_dma.o(i.HAL_DMA_IRQHandler), (156 bytes).
    Removing stm32f0xx_hal_dma.o(i.HAL_DMA_Init), (84 bytes).
    Removing stm32f0xx_hal_dma.o(i.HAL_DMA_PollForTransfer), (176 bytes).
    Removing stm32f0xx_hal_dma.o(i.HAL_DMA_RegisterCallback), (72 bytes).
    Removing stm32f0xx_hal_dma.o(i.HAL_DMA_Start), (74 bytes).
    Removing stm32f0xx_hal_dma.o(i.HAL_DMA_Start_IT), (106 bytes).
    Removing stm32f0xx_hal_dma.o(i.HAL_DMA_UnRegisterCallback), (78 bytes).
    Removing stm32f0xx_hal_cortex.o(.rev16_text), (4 bytes).
    Removing stm32f0xx_hal_cortex.o(.revsh_text), (4 bytes).
    Removing stm32f0xx_hal_cortex.o(i.HAL_NVIC_ClearPendingIRQ), (24 bytes).
    Removing stm32f0xx_hal_cortex.o(i.HAL_NVIC_DisableIRQ), (32 bytes).
    Removing stm32f0xx_hal_cortex.o(i.HAL_NVIC_EnableIRQ), (24 bytes).
    Removing stm32f0xx_hal_cortex.o(i.HAL_NVIC_GetPendingIRQ), (32 bytes).
    Removing stm32f0xx_hal_cortex.o(i.HAL_NVIC_GetPriority), (52 bytes).
    Removing stm32f0xx_hal_cortex.o(i.HAL_NVIC_SetPendingIRQ), (24 bytes).
    Removing stm32f0xx_hal_cortex.o(i.HAL_NVIC_SystemReset), (28 bytes).
    Removing stm32f0xx_hal_cortex.o(i.HAL_SYSTICK_CLKSourceConfig), (24 bytes).
    Removing stm32f0xx_hal_cortex.o(i.HAL_SYSTICK_Callback), (2 bytes).
    Removing stm32f0xx_hal_cortex.o(i.HAL_SYSTICK_IRQHandler), (8 bytes).
    Removing stm32f0xx_hal_pwr.o(.rev16_text), (4 bytes).
    Removing stm32f0xx_hal_pwr.o(.revsh_text), (4 bytes).
    Removing stm32f0xx_hal_pwr.o(i.HAL_PWR_DeInit), (24 bytes).
    Removing stm32f0xx_hal_pwr.o(i.HAL_PWR_DisableBkUpAccess), (16 bytes).
    Removing stm32f0xx_hal_pwr.o(i.HAL_PWR_DisableSEVOnPend), (16 bytes).
    Removing stm32f0xx_hal_pwr.o(i.HAL_PWR_DisableSleepOnExit), (16 bytes).
    Removing stm32f0xx_hal_pwr.o(i.HAL_PWR_DisableWakeUpPin), (16 bytes).
    Removing stm32f0xx_hal_pwr.o(i.HAL_PWR_EnableBkUpAccess), (16 bytes).
    Removing stm32f0xx_hal_pwr.o(i.HAL_PWR_EnableSEVOnPend), (16 bytes).
    Removing stm32f0xx_hal_pwr.o(i.HAL_PWR_EnableSleepOnExit), (16 bytes).
    Removing stm32f0xx_hal_pwr.o(i.HAL_PWR_EnableWakeUpPin), (16 bytes).
    Removing stm32f0xx_hal_pwr.o(i.HAL_PWR_EnterSLEEPMode), (32 bytes).
    Removing stm32f0xx_hal_pwr.o(i.HAL_PWR_EnterSTANDBYMode), (32 bytes).
    Removing stm32f0xx_hal_pwr.o(i.HAL_PWR_EnterSTOPMode), (52 bytes).
    Removing stm32f0xx_hal_pwr_ex.o(.rev16_text), (4 bytes).
    Removing stm32f0xx_hal_pwr_ex.o(.revsh_text), (4 bytes).
    Removing stm32f0xx_hal_flash.o(.rev16_text), (4 bytes).
    Removing stm32f0xx_hal_flash.o(.revsh_text), (4 bytes).
    Removing stm32f0xx_hal_flash.o(i.FLASH_Program_HalfWord), (32 bytes).
    Removing stm32f0xx_hal_flash.o(i.FLASH_SetErrorCode), (56 bytes).
    Removing stm32f0xx_hal_flash.o(i.FLASH_WaitForLastOperation), (80 bytes).
    Removing stm32f0xx_hal_flash.o(i.HAL_FLASH_EndOfOperationCallback), (2 bytes).
    Removing stm32f0xx_hal_flash.o(i.HAL_FLASH_GetError), (12 bytes).
    Removing stm32f0xx_hal_flash.o(i.HAL_FLASH_IRQHandler), (264 bytes).
    Removing stm32f0xx_hal_flash.o(i.HAL_FLASH_Lock), (20 bytes).
    Removing stm32f0xx_hal_flash.o(i.HAL_FLASH_OB_Launch), (32 bytes).
    Removing stm32f0xx_hal_flash.o(i.HAL_FLASH_OB_Lock), (20 bytes).
    Removing stm32f0xx_hal_flash.o(i.HAL_FLASH_OB_Unlock), (36 bytes).
    Removing stm32f0xx_hal_flash.o(i.HAL_FLASH_OperationErrorCallback), (2 bytes).
    Removing stm32f0xx_hal_flash.o(i.HAL_FLASH_Program), (124 bytes).
    Removing stm32f0xx_hal_flash.o(i.HAL_FLASH_Program_IT), (100 bytes).
    Removing stm32f0xx_hal_flash.o(i.HAL_FLASH_Unlock), (40 bytes).
    Removing stm32f0xx_hal_flash.o(.bss), (32 bytes).
    Removing stm32f0xx_hal_flash_ex.o(.rev16_text), (4 bytes).
    Removing stm32f0xx_hal_flash_ex.o(.revsh_text), (4 bytes).
    Removing stm32f0xx_hal_flash_ex.o(i.FLASH_MassErase), (36 bytes).
    Removing stm32f0xx_hal_flash_ex.o(i.FLASH_OB_DisableWRP), (164 bytes).
    Removing stm32f0xx_hal_flash_ex.o(i.FLASH_OB_EnableWRP), (164 bytes).
    Removing stm32f0xx_hal_flash_ex.o(i.FLASH_OB_GetRDP), (32 bytes).
    Removing stm32f0xx_hal_flash_ex.o(i.FLASH_OB_RDP_LevelConfig), (96 bytes).
    Removing stm32f0xx_hal_flash_ex.o(i.FLASH_PageErase), (36 bytes).
    Removing stm32f0xx_hal_flash_ex.o(i.HAL_FLASHEx_Erase), (160 bytes).
    Removing stm32f0xx_hal_flash_ex.o(i.HAL_FLASHEx_Erase_IT), (88 bytes).
    Removing stm32f0xx_hal_flash_ex.o(i.HAL_FLASHEx_OBErase), (80 bytes).
    Removing stm32f0xx_hal_flash_ex.o(i.HAL_FLASHEx_OBGetConfig), (36 bytes).
    Removing stm32f0xx_hal_flash_ex.o(i.HAL_FLASHEx_OBGetUserData), (28 bytes).
    Removing stm32f0xx_hal_flash_ex.o(i.HAL_FLASHEx_OBProgram), (204 bytes).
    Removing stm32f0xx_hal_exti.o(.rev16_text), (4 bytes).
    Removing stm32f0xx_hal_exti.o(.revsh_text), (4 bytes).
    Removing stm32f0xx_hal_exti.o(i.HAL_EXTI_ClearConfigLine), (100 bytes).
    Removing stm32f0xx_hal_exti.o(i.HAL_EXTI_ClearPending), (20 bytes).
    Removing stm32f0xx_hal_exti.o(i.HAL_EXTI_GenerateSWI), (20 bytes).
    Removing stm32f0xx_hal_exti.o(i.HAL_EXTI_GetConfigLine), (132 bytes).
    Removing stm32f0xx_hal_exti.o(i.HAL_EXTI_GetHandle), (14 bytes).
    Removing stm32f0xx_hal_exti.o(i.HAL_EXTI_GetPending), (24 bytes).
    Removing stm32f0xx_hal_exti.o(i.HAL_EXTI_IRQHandler), (36 bytes).
    Removing stm32f0xx_hal_exti.o(i.HAL_EXTI_RegisterCallback), (16 bytes).
    Removing stm32f0xx_hal_exti.o(i.HAL_EXTI_SetConfigLine), (148 bytes).
    Removing stm32f0xx_ll_spi.o(.rev16_text), (4 bytes).
    Removing stm32f0xx_ll_spi.o(.revsh_text), (4 bytes).
    Removing stm32f0xx_ll_spi.o(i.LL_SPI_DeInit), (68 bytes).
    Removing stm32f0xx_ll_spi.o(i.LL_SPI_StructInit), (30 bytes).
    Removing stm32f0xx_ll_dma.o(.rev16_text), (4 bytes).
    Removing stm32f0xx_ll_dma.o(.revsh_text), (4 bytes).
    Removing stm32f0xx_ll_dma.o(i.LL_DMA_DeInit), (144 bytes).
    Removing stm32f0xx_ll_dma.o(i.LL_DMA_Init), (100 bytes).
    Removing stm32f0xx_ll_dma.o(i.LL_DMA_SetPeriphRequest), (24 bytes).
    Removing stm32f0xx_ll_dma.o(i.LL_DMA_StructInit), (26 bytes).
    Removing stm32f0xx_ll_dma.o(.constdata), (5 bytes).
    Removing stm32f0xx_hal_tim.o(.rev16_text), (4 bytes).
    Removing stm32f0xx_hal_tim.o(.revsh_text), (4 bytes).
    Removing stm32f0xx_hal_tim_ex.o(.rev16_text), (4 bytes).
    Removing stm32f0xx_hal_tim_ex.o(.revsh_text), (4 bytes).
    Removing stm32f0xx_ll_tim.o(.rev16_text), (4 bytes).
    Removing stm32f0xx_ll_tim.o(.revsh_text), (4 bytes).
    Removing stm32f0xx_ll_tim.o(i.LL_APB1_GRP1_ForceReset), (16 bytes).
    Removing stm32f0xx_ll_tim.o(i.LL_APB1_GRP1_ReleaseReset), (16 bytes).
    Removing stm32f0xx_ll_tim.o(i.LL_APB1_GRP2_ForceReset), (16 bytes).
    Removing stm32f0xx_ll_tim.o(i.LL_APB1_GRP2_ReleaseReset), (16 bytes).
    Removing stm32f0xx_ll_tim.o(i.LL_TIM_BDTR_StructInit), (18 bytes).
    Removing stm32f0xx_ll_tim.o(i.LL_TIM_DeInit), (172 bytes).
    Removing stm32f0xx_ll_tim.o(i.LL_TIM_ENCODER_Init), (96 bytes).
    Removing stm32f0xx_ll_tim.o(i.LL_TIM_ENCODER_StructInit), (28 bytes).
    Removing stm32f0xx_ll_tim.o(i.LL_TIM_HALLSENSOR_Init), (88 bytes).
    Removing stm32f0xx_ll_tim.o(i.LL_TIM_HALLSENSOR_StructInit), (12 bytes).
    Removing stm32f0xx_ll_tim.o(i.LL_TIM_IC_Init), (218 bytes).
    Removing stm32f0xx_ll_tim.o(i.LL_TIM_IC_StructInit), (14 bytes).
    Removing stm32f0xx_ll_tim.o(i.LL_TIM_OC_StructInit), (20 bytes).
    Removing stm32f0xx_ll_tim.o(i.LL_TIM_StructInit), (16 bytes).
    Removing stm32f0xx_ll_usart.o(.rev16_text), (4 bytes).
    Removing stm32f0xx_ll_usart.o(.revsh_text), (4 bytes).
    Removing stm32f0xx_ll_usart.o(i.LL_APB1_GRP1_ForceReset), (16 bytes).
    Removing stm32f0xx_ll_usart.o(i.LL_APB1_GRP1_ReleaseReset), (16 bytes).
    Removing stm32f0xx_ll_usart.o(i.LL_USART_ClockInit), (62 bytes).
    Removing stm32f0xx_ll_usart.o(i.LL_USART_ClockStructInit), (12 bytes).
    Removing stm32f0xx_ll_usart.o(i.LL_USART_DeInit), (140 bytes).
    Removing stm32f0xx_ll_usart.o(i.LL_USART_StructInit), (24 bytes).
    Removing system_stm32f0xx.o(.rev16_text), (4 bytes).
    Removing system_stm32f0xx.o(.revsh_text), (4 bytes).
    Removing system_stm32f0xx.o(i.SystemCoreClockUpdate), (88 bytes).
    Removing stm32f0xx_hal_rcc.o(i.__ARM_common_ll_muluu), (48 bytes).

329 unused section(s) (total 21563 bytes) removed from the image.

==============================================================================

Image Symbol Table

    Local Symbols

    Symbol Name                              Value     Ov Type        Size  Object(Section)

    ../Core/Src/gpio.c                       0x00000000   Number         0  gpio.o ABSOLUTE
    ../Core/Src/i2c.c                        0x00000000   Number         0  i2c.o ABSOLUTE
    ../Core/Src/main.c                       0x00000000   Number         0  main.o ABSOLUTE
    ../Core/Src/spi.c                        0x00000000   Number         0  spi.o ABSOLUTE
    ../Core/Src/stm32f0xx_hal_msp.c          0x00000000   Number         0  stm32f0xx_hal_msp.o ABSOLUTE
    ../Core/Src/stm32f0xx_it.c               0x00000000   Number         0  stm32f0xx_it.o ABSOLUTE
    ../Core/Src/system_stm32f0xx.c           0x00000000   Number         0  system_stm32f0xx.o ABSOLUTE
    ../Core/Src/tim.c                        0x00000000   Number         0  tim.o ABSOLUTE
    ../Core/Src/usart.c                      0x00000000   Number         0  usart.o ABSOLUTE
    ../Drivers/STM32F0xx_HAL_Driver/Src/stm32f0xx_hal.c 0x00000000   Number         0  stm32f0xx_hal.o ABSOLUTE
    ../Drivers/STM32F0xx_HAL_Driver/Src/stm32f0xx_hal_cortex.c 0x00000000   Number         0  stm32f0xx_hal_cortex.o ABSOLUTE
    ../Drivers/STM32F0xx_HAL_Driver/Src/stm32f0xx_hal_dma.c 0x00000000   Number         0  stm32f0xx_hal_dma.o ABSOLUTE
    ../Drivers/STM32F0xx_HAL_Driver/Src/stm32f0xx_hal_exti.c 0x00000000   Number         0  stm32f0xx_hal_exti.o ABSOLUTE
    ../Drivers/STM32F0xx_HAL_Driver/Src/stm32f0xx_hal_flash.c 0x00000000   Number         0  stm32f0xx_hal_flash.o ABSOLUTE
    ../Drivers/STM32F0xx_HAL_Driver/Src/stm32f0xx_hal_flash_ex.c 0x00000000   Number         0  stm32f0xx_hal_flash_ex.o ABSOLUTE
    ../Drivers/STM32F0xx_HAL_Driver/Src/stm32f0xx_hal_gpio.c 0x00000000   Number         0  stm32f0xx_hal_gpio.o ABSOLUTE
    ../Drivers/STM32F0xx_HAL_Driver/Src/stm32f0xx_hal_i2c.c 0x00000000   Number         0  stm32f0xx_hal_i2c.o ABSOLUTE
    ../Drivers/STM32F0xx_HAL_Driver/Src/stm32f0xx_hal_i2c_ex.c 0x00000000   Number         0  stm32f0xx_hal_i2c_ex.o ABSOLUTE
    ../Drivers/STM32F0xx_HAL_Driver/Src/stm32f0xx_hal_pwr.c 0x00000000   Number         0  stm32f0xx_hal_pwr.o ABSOLUTE
    ../Drivers/STM32F0xx_HAL_Driver/Src/stm32f0xx_hal_pwr_ex.c 0x00000000   Number         0  stm32f0xx_hal_pwr_ex.o ABSOLUTE
    ../Drivers/STM32F0xx_HAL_Driver/Src/stm32f0xx_hal_rcc.c 0x00000000   Number         0  stm32f0xx_hal_rcc.o ABSOLUTE
    ../Drivers/STM32F0xx_HAL_Driver/Src/stm32f0xx_hal_rcc_ex.c 0x00000000   Number         0  stm32f0xx_hal_rcc_ex.o ABSOLUTE
    ../Drivers/STM32F0xx_HAL_Driver/Src/stm32f0xx_hal_tim.c 0x00000000   Number         0  stm32f0xx_hal_tim.o ABSOLUTE
    ../Drivers/STM32F0xx_HAL_Driver/Src/stm32f0xx_hal_tim_ex.c 0x00000000   Number         0  stm32f0xx_hal_tim_ex.o ABSOLUTE
    ../Drivers/STM32F0xx_HAL_Driver/Src/stm32f0xx_ll_dma.c 0x00000000   Number         0  stm32f0xx_ll_dma.o ABSOLUTE
    ../Drivers/STM32F0xx_HAL_Driver/Src/stm32f0xx_ll_exti.c 0x00000000   Number         0  stm32f0xx_ll_exti.o ABSOLUTE
    ../Drivers/STM32F0xx_HAL_Driver/Src/stm32f0xx_ll_gpio.c 0x00000000   Number         0  stm32f0xx_ll_gpio.o ABSOLUTE
    ../Drivers/STM32F0xx_HAL_Driver/Src/stm32f0xx_ll_rcc.c 0x00000000   Number         0  stm32f0xx_ll_rcc.o ABSOLUTE
    ../Drivers/STM32F0xx_HAL_Driver/Src/stm32f0xx_ll_spi.c 0x00000000   Number         0  stm32f0xx_ll_spi.o ABSOLUTE
    ../Drivers/STM32F0xx_HAL_Driver/Src/stm32f0xx_ll_tim.c 0x00000000   Number         0  stm32f0xx_ll_tim.o ABSOLUTE
    ../Drivers/STM32F0xx_HAL_Driver/Src/stm32f0xx_ll_usart.c 0x00000000   Number         0  stm32f0xx_ll_usart.o ABSOLUTE
    ../Drivers/STM32F0xx_HAL_Driver/Src/stm32f0xx_ll_utils.c 0x00000000   Number         0  stm32f0xx_ll_utils.o ABSOLUTE
    ../clib/angel/boardlib.s                 0x00000000   Number         0  boardinit3.o ABSOLUTE
    ../clib/angel/boardlib.s                 0x00000000   Number         0  boardinit2.o ABSOLUTE
    ../clib/angel/boardlib.s                 0x00000000   Number         0  boardinit1.o ABSOLUTE
    ../clib/angel/boardlib.s                 0x00000000   Number         0  boardshut.o ABSOLUTE
    ../clib/angel/handlers.s                 0x00000000   Number         0  __scatter_zi.o ABSOLUTE
    ../clib/angel/handlers.s                 0x00000000   Number         0  __scatter_copy.o ABSOLUTE
    ../clib/angel/kernel.s                   0x00000000   Number         0  __rtentry2.o ABSOLUTE
    ../clib/angel/kernel.s                   0x00000000   Number         0  rtexit2.o ABSOLUTE
    ../clib/angel/kernel.s                   0x00000000   Number         0  rtexit.o ABSOLUTE
    ../clib/angel/kernel.s                   0x00000000   Number         0  __rtentry4.o ABSOLUTE
    ../clib/angel/kernel.s                   0x00000000   Number         0  __rtentry.o ABSOLUTE
    ../clib/angel/rt.s                       0x00000000   Number         0  rt_div0.o ABSOLUTE
    ../clib/angel/rt.s                       0x00000000   Number         0  aeabi_ldiv0.o ABSOLUTE
    ../clib/angel/rt.s                       0x00000000   Number         0  rt_raise.o ABSOLUTE
    ../clib/angel/rt.s                       0x00000000   Number         0  aeabi_ldiv0_sigfpe.o ABSOLUTE
    ../clib/angel/rt.s                       0x00000000   Number         0  aeabi_idiv0_sigfpe.o ABSOLUTE
    ../clib/angel/rt.s                       0x00000000   Number         0  aeabi_idiv0.o ABSOLUTE
    ../clib/angel/scatterp.s                 0x00000000   Number         0  __scatter.o ABSOLUTE
    ../clib/angel/startup.s                  0x00000000   Number         0  __main.o ABSOLUTE
    ../clib/angel/sys.s                      0x00000000   Number         0  sys_stackheap_outer.o ABSOLUTE
    ../clib/angel/sys.s                      0x00000000   Number         0  libspace.o ABSOLUTE
    ../clib/angel/sys.s                      0x00000000   Number         0  tempstk.o ABSOLUTE
    ../clib/angel/sys.s                      0x00000000   Number         0  use_no_semi.o ABSOLUTE
    ../clib/angel/sys.s                      0x00000000   Number         0  indicate_semi.o ABSOLUTE
    ../clib/angel/sysapp.c                   0x00000000   Number         0  sys_wrch.o ABSOLUTE
    ../clib/angel/sysapp.c                   0x00000000   Number         0  sys_command.o ABSOLUTE
    ../clib/angel/sysapp.c                   0x00000000   Number         0  sys_exit.o ABSOLUTE
    ../clib/armsys.c                         0x00000000   Number         0  _get_argv_nomalloc.o ABSOLUTE
    ../clib/armsys.c                         0x00000000   Number         0  argv_veneer.o ABSOLUTE
    ../clib/armsys.c                         0x00000000   Number         0  no_argv.o ABSOLUTE
    ../clib/division.c                       0x00000000   Number         0  lludiv.o ABSOLUTE
    ../clib/division.s                       0x00000000   Number         0  aeabi_sdiv_div0.o ABSOLUTE
    ../clib/division.s                       0x00000000   Number         0  aeabi_sdiv.o ABSOLUTE
    ../clib/heapalloc.c                      0x00000000   Number         0  hrguard.o ABSOLUTE
    ../clib/heapaux.c                        0x00000000   Number         0  heapauxi.o ABSOLUTE
    ../clib/libinit.s                        0x00000000   Number         0  libshutdown.o ABSOLUTE
    ../clib/libinit.s                        0x00000000   Number         0  libinit.o ABSOLUTE
    ../clib/libinit.s                        0x00000000   Number         0  libinit2.o ABSOLUTE
    ../clib/libinit.s                        0x00000000   Number         0  libshutdown2.o ABSOLUTE
    ../clib/longlong.c                       0x00000000   Number         0  llushr.o ABSOLUTE
    ../clib/memcpset.c                       0x00000000   Number         0  rt_memclr.o ABSOLUTE
    ../clib/signal.c                         0x00000000   Number         0  defsig_fpe_inner.o ABSOLUTE
    ../clib/signal.c                         0x00000000   Number         0  __raise.o ABSOLUTE
    ../clib/signal.c                         0x00000000   Number         0  defsig_fpe_formal.o ABSOLUTE
    ../clib/signal.c                         0x00000000   Number         0  defsig_abrt_inner.o ABSOLUTE
    ../clib/signal.c                         0x00000000   Number         0  defsig_rtred_inner.o ABSOLUTE
    ../clib/signal.c                         0x00000000   Number         0  defsig_rtmem_inner.o ABSOLUTE
    ../clib/signal.c                         0x00000000   Number         0  defsig_rtmem_outer.o ABSOLUTE
    ../clib/signal.c                         0x00000000   Number         0  defsig_rtmem_formal.o ABSOLUTE
    ../clib/signal.c                         0x00000000   Number         0  defsig_stak_inner.o ABSOLUTE
    ../clib/signal.c                         0x00000000   Number         0  defsig_pvfn_inner.o ABSOLUTE
    ../clib/signal.c                         0x00000000   Number         0  defsig_cppl_inner.o ABSOLUTE
    ../clib/signal.c                         0x00000000   Number         0  defsig_segv_inner.o ABSOLUTE
    ../clib/signal.c                         0x00000000   Number         0  defsig_other.o ABSOLUTE
    ../clib/signal.c                         0x00000000   Number         0  defsig_fpe_outer.o ABSOLUTE
    ../clib/signal.c                         0x00000000   Number         0  defsig_exit.o ABSOLUTE
    ../clib/signal.c                         0x00000000   Number         0  defsig_general.o ABSOLUTE
    ../clib/signal.s                         0x00000000   Number         0  defsig.o ABSOLUTE
    ../clib/stdlib.c                         0x00000000   Number         0  exit.o ABSOLUTE
    ../fplib/cfplib/fpinit.c                 0x00000000   Number         0  fpinit.o ABSOLUTE
    ..\Core\Src\app_mp2664gg.c               0x00000000   Number         0  app_mp2664gg.o ABSOLUTE
    ..\Core\Src\app_rgbled.c                 0x00000000   Number         0  app_rgbled.o ABSOLUTE
    ..\Core\Src\gpio.c                       0x00000000   Number         0  gpio.o ABSOLUTE
    ..\Core\Src\i2c.c                        0x00000000   Number         0  i2c.o ABSOLUTE
    ..\Core\Src\main.c                       0x00000000   Number         0  main.o ABSOLUTE
    ..\Core\Src\spi.c                        0x00000000   Number         0  spi.o ABSOLUTE
    ..\Core\Src\stm32f0xx_hal_msp.c          0x00000000   Number         0  stm32f0xx_hal_msp.o ABSOLUTE
    ..\Core\Src\stm32f0xx_it.c               0x00000000   Number         0  stm32f0xx_it.o ABSOLUTE
    ..\Core\Src\system_stm32f0xx.c           0x00000000   Number         0  system_stm32f0xx.o ABSOLUTE
    ..\Core\Src\tim.c                        0x00000000   Number         0  tim.o ABSOLUTE
    ..\Core\Src\usart.c                      0x00000000   Number         0  usart.o ABSOLUTE
    ..\Drivers\STM32F0xx_HAL_Driver\Src\stm32f0xx_hal.c 0x00000000   Number         0  stm32f0xx_hal.o ABSOLUTE
    ..\Drivers\STM32F0xx_HAL_Driver\Src\stm32f0xx_hal_cortex.c 0x00000000   Number         0  stm32f0xx_hal_cortex.o ABSOLUTE
    ..\Drivers\STM32F0xx_HAL_Driver\Src\stm32f0xx_hal_dma.c 0x00000000   Number         0  stm32f0xx_hal_dma.o ABSOLUTE
    ..\Drivers\STM32F0xx_HAL_Driver\Src\stm32f0xx_hal_exti.c 0x00000000   Number         0  stm32f0xx_hal_exti.o ABSOLUTE
    ..\Drivers\STM32F0xx_HAL_Driver\Src\stm32f0xx_hal_flash.c 0x00000000   Number         0  stm32f0xx_hal_flash.o ABSOLUTE
    ..\Drivers\STM32F0xx_HAL_Driver\Src\stm32f0xx_hal_flash_ex.c 0x00000000   Number         0  stm32f0xx_hal_flash_ex.o ABSOLUTE
    ..\Drivers\STM32F0xx_HAL_Driver\Src\stm32f0xx_hal_gpio.c 0x00000000   Number         0  stm32f0xx_hal_gpio.o ABSOLUTE
    ..\Drivers\STM32F0xx_HAL_Driver\Src\stm32f0xx_hal_i2c.c 0x00000000   Number         0  stm32f0xx_hal_i2c.o ABSOLUTE
    ..\Drivers\STM32F0xx_HAL_Driver\Src\stm32f0xx_hal_i2c_ex.c 0x00000000   Number         0  stm32f0xx_hal_i2c_ex.o ABSOLUTE
    ..\Drivers\STM32F0xx_HAL_Driver\Src\stm32f0xx_hal_pwr.c 0x00000000   Number         0  stm32f0xx_hal_pwr.o ABSOLUTE
    ..\Drivers\STM32F0xx_HAL_Driver\Src\stm32f0xx_hal_pwr_ex.c 0x00000000   Number         0  stm32f0xx_hal_pwr_ex.o ABSOLUTE
    ..\Drivers\STM32F0xx_HAL_Driver\Src\stm32f0xx_hal_rcc.c 0x00000000   Number         0  stm32f0xx_hal_rcc.o ABSOLUTE
    ..\Drivers\STM32F0xx_HAL_Driver\Src\stm32f0xx_hal_rcc_ex.c 0x00000000   Number         0  stm32f0xx_hal_rcc_ex.o ABSOLUTE
    ..\Drivers\STM32F0xx_HAL_Driver\Src\stm32f0xx_hal_tim.c 0x00000000   Number         0  stm32f0xx_hal_tim.o ABSOLUTE
    ..\Drivers\STM32F0xx_HAL_Driver\Src\stm32f0xx_hal_tim_ex.c 0x00000000   Number         0  stm32f0xx_hal_tim_ex.o ABSOLUTE
    ..\Drivers\STM32F0xx_HAL_Driver\Src\stm32f0xx_ll_dma.c 0x00000000   Number         0  stm32f0xx_ll_dma.o ABSOLUTE
    ..\Drivers\STM32F0xx_HAL_Driver\Src\stm32f0xx_ll_exti.c 0x00000000   Number         0  stm32f0xx_ll_exti.o ABSOLUTE
    ..\Drivers\STM32F0xx_HAL_Driver\Src\stm32f0xx_ll_gpio.c 0x00000000   Number         0  stm32f0xx_ll_gpio.o ABSOLUTE
    ..\Drivers\STM32F0xx_HAL_Driver\Src\stm32f0xx_ll_rcc.c 0x00000000   Number         0  stm32f0xx_ll_rcc.o ABSOLUTE
    ..\Drivers\STM32F0xx_HAL_Driver\Src\stm32f0xx_ll_spi.c 0x00000000   Number         0  stm32f0xx_ll_spi.o ABSOLUTE
    ..\Drivers\STM32F0xx_HAL_Driver\Src\stm32f0xx_ll_tim.c 0x00000000   Number         0  stm32f0xx_ll_tim.o ABSOLUTE
    ..\Drivers\STM32F0xx_HAL_Driver\Src\stm32f0xx_ll_usart.c 0x00000000   Number         0  stm32f0xx_ll_usart.o ABSOLUTE
    ..\Drivers\STM32F0xx_HAL_Driver\Src\stm32f0xx_ll_utils.c 0x00000000   Number         0  stm32f0xx_ll_utils.o ABSOLUTE
    ..\\Core\\Src\\app_mp2664gg.c            0x00000000   Number         0  app_mp2664gg.o ABSOLUTE
    ..\\Core\\Src\\app_rgbled.c              0x00000000   Number         0  app_rgbled.o ABSOLUTE
    dc.s                                     0x00000000   Number         0  dc.o ABSOLUTE
    startup_stm32f030xc.s                    0x00000000   Number         0  startup_stm32f030xc.o ABSOLUTE
    RESET                                    0x08000000   Section      184  startup_stm32f030xc.o(RESET)
    !!!main                                  0x080000b8   Section        8  __main.o(!!!main)
    !!!scatter                               0x080000c0   Section       60  __scatter.o(!!!scatter)
    !!handler_copy                           0x080000fc   Section       26  __scatter_copy.o(!!handler_copy)
    !!handler_zi                             0x08000118   Section       28  __scatter_zi.o(!!handler_zi)
    .ARM.Collect$$libinit$$00000000          0x08000134   Section        2  libinit.o(.ARM.Collect$$libinit$$00000000)
    .ARM.Collect$$libinit$$00000002          0x08000136   Section        0  libinit2.o(.ARM.Collect$$libinit$$00000002)
    .ARM.Collect$$libinit$$00000004          0x08000136   Section        0  libinit2.o(.ARM.Collect$$libinit$$00000004)
    .ARM.Collect$$libinit$$0000000A          0x08000136   Section        0  libinit2.o(.ARM.Collect$$libinit$$0000000A)
    .ARM.Collect$$libinit$$0000000C          0x08000136   Section        0  libinit2.o(.ARM.Collect$$libinit$$0000000C)
    .ARM.Collect$$libinit$$0000000E          0x08000136   Section        0  libinit2.o(.ARM.Collect$$libinit$$0000000E)
    .ARM.Collect$$libinit$$00000011          0x08000136   Section        0  libinit2.o(.ARM.Collect$$libinit$$00000011)
    .ARM.Collect$$libinit$$00000013          0x08000136   Section        0  libinit2.o(.ARM.Collect$$libinit$$00000013)
    .ARM.Collect$$libinit$$00000015          0x08000136   Section        0  libinit2.o(.ARM.Collect$$libinit$$00000015)
    .ARM.Collect$$libinit$$00000017          0x08000136   Section        0  libinit2.o(.ARM.Collect$$libinit$$00000017)
    .ARM.Collect$$libinit$$00000019          0x08000136   Section        0  libinit2.o(.ARM.Collect$$libinit$$00000019)
    .ARM.Collect$$libinit$$0000001B          0x08000136   Section        0  libinit2.o(.ARM.Collect$$libinit$$0000001B)
    .ARM.Collect$$libinit$$0000001D          0x08000136   Section        0  libinit2.o(.ARM.Collect$$libinit$$0000001D)
    .ARM.Collect$$libinit$$0000001F          0x08000136   Section        0  libinit2.o(.ARM.Collect$$libinit$$0000001F)
    .ARM.Collect$$libinit$$00000021          0x08000136   Section        0  libinit2.o(.ARM.Collect$$libinit$$00000021)
    .ARM.Collect$$libinit$$00000023          0x08000136   Section        0  libinit2.o(.ARM.Collect$$libinit$$00000023)
    .ARM.Collect$$libinit$$00000025          0x08000136   Section        0  libinit2.o(.ARM.Collect$$libinit$$00000025)
    .ARM.Collect$$libinit$$0000002C          0x08000136   Section        0  libinit2.o(.ARM.Collect$$libinit$$0000002C)
    .ARM.Collect$$libinit$$0000002E          0x08000136   Section        0  libinit2.o(.ARM.Collect$$libinit$$0000002E)
    .ARM.Collect$$libinit$$00000030          0x08000136   Section        0  libinit2.o(.ARM.Collect$$libinit$$00000030)
    .ARM.Collect$$libinit$$00000032          0x08000136   Section        0  libinit2.o(.ARM.Collect$$libinit$$00000032)
    .ARM.Collect$$libinit$$00000033          0x08000136   Section        2  libinit2.o(.ARM.Collect$$libinit$$00000033)
    .ARM.Collect$$libshutdown$$00000000      0x08000138   Section        2  libshutdown.o(.ARM.Collect$$libshutdown$$00000000)
    .ARM.Collect$$libshutdown$$00000002      0x0800013a   Section        0  libshutdown2.o(.ARM.Collect$$libshutdown$$00000002)
    .ARM.Collect$$libshutdown$$00000004      0x0800013a   Section        0  libshutdown2.o(.ARM.Collect$$libshutdown$$00000004)
    .ARM.Collect$$libshutdown$$00000007      0x0800013a   Section        0  libshutdown2.o(.ARM.Collect$$libshutdown$$00000007)
    .ARM.Collect$$libshutdown$$0000000A      0x0800013a   Section        0  libshutdown2.o(.ARM.Collect$$libshutdown$$0000000A)
    .ARM.Collect$$libshutdown$$0000000C      0x0800013a   Section        0  libshutdown2.o(.ARM.Collect$$libshutdown$$0000000C)
    .ARM.Collect$$libshutdown$$0000000F      0x0800013a   Section        0  libshutdown2.o(.ARM.Collect$$libshutdown$$0000000F)
    .ARM.Collect$$libshutdown$$00000010      0x0800013a   Section        2  libshutdown2.o(.ARM.Collect$$libshutdown$$00000010)
    .ARM.Collect$$rtentry$$00000000          0x0800013c   Section        0  __rtentry.o(.ARM.Collect$$rtentry$$00000000)
    .ARM.Collect$$rtentry$$00000002          0x0800013c   Section        0  __rtentry2.o(.ARM.Collect$$rtentry$$00000002)
    .ARM.Collect$$rtentry$$00000004          0x0800013c   Section        6  __rtentry4.o(.ARM.Collect$$rtentry$$00000004)
    .ARM.Collect$$rtentry$$00000009          0x08000142   Section        0  __rtentry2.o(.ARM.Collect$$rtentry$$00000009)
    .ARM.Collect$$rtentry$$0000000A          0x08000142   Section        4  __rtentry2.o(.ARM.Collect$$rtentry$$0000000A)
    .ARM.Collect$$rtentry$$0000000C          0x08000146   Section        0  __rtentry2.o(.ARM.Collect$$rtentry$$0000000C)
    .ARM.Collect$$rtentry$$0000000D          0x08000146   Section        8  __rtentry2.o(.ARM.Collect$$rtentry$$0000000D)
    .ARM.Collect$$rtexit$$00000000           0x0800014e   Section        2  rtexit.o(.ARM.Collect$$rtexit$$00000000)
    .ARM.Collect$$rtexit$$00000002           0x08000150   Section        0  rtexit2.o(.ARM.Collect$$rtexit$$00000002)
    .ARM.Collect$$rtexit$$00000003           0x08000150   Section        4  rtexit2.o(.ARM.Collect$$rtexit$$00000003)
    .ARM.Collect$$rtexit$$00000004           0x08000154   Section        6  rtexit2.o(.ARM.Collect$$rtexit$$00000004)
    .text                                    0x0800015c   Section       56  startup_stm32f030xc.o(.text)
    .text                                    0x08000194   Section        0  rt_memclr.o(.text)
    .text                                    0x080001d4   Section      346  aeabi_sdiv.o(.text)
    .text                                    0x0800032e   Section        0  heapauxi.o(.text)
    .text                                    0x08000334   Section       62  sys_stackheap_outer.o(.text)
    .text                                    0x08000372   Section        0  exit.o(.text)
    .text                                    0x08000384   Section        8  libspace.o(.text)
    .text                                    0x0800038c   Section        0  sys_exit.o(.text)
    .text                                    0x08000398   Section        2  use_no_semi.o(.text)
    .text                                    0x0800039a   Section        0  indicate_semi.o(.text)
    i.Error_Handler                          0x0800039a   Section        0  main.o(i.Error_Handler)
    i.HAL_GPIO_Init                          0x080003a0   Section        0  stm32f0xx_hal_gpio.o(i.HAL_GPIO_Init)
    i.HAL_GetTick                            0x08000544   Section        0  stm32f0xx_hal.o(i.HAL_GetTick)
    i.HAL_I2CEx_ConfigAnalogFilter           0x08000550   Section        0  stm32f0xx_hal_i2c_ex.o(i.HAL_I2CEx_ConfigAnalogFilter)
    i.HAL_I2CEx_ConfigDigitalFilter          0x0800059a   Section        0  stm32f0xx_hal_i2c_ex.o(i.HAL_I2CEx_ConfigDigitalFilter)
    i.HAL_I2C_Init                           0x080005e4   Section        0  stm32f0xx_hal_i2c.o(i.HAL_I2C_Init)
    i.HAL_I2C_Mem_Read                       0x080006a0   Section        0  stm32f0xx_hal_i2c.o(i.HAL_I2C_Mem_Read)
    i.HAL_I2C_Mem_Write                      0x080007f0   Section        0  stm32f0xx_hal_i2c.o(i.HAL_I2C_Mem_Write)
    i.HAL_I2C_MspInit                        0x0800093c   Section        0  i2c.o(i.HAL_I2C_MspInit)
    i.HAL_IncTick                            0x080009a0   Section        0  stm32f0xx_hal.o(i.HAL_IncTick)
    i.HAL_Init                               0x080009b0   Section        0  stm32f0xx_hal.o(i.HAL_Init)
    i.HAL_InitTick                           0x080009d0   Section        0  stm32f0xx_hal.o(i.HAL_InitTick)
    i.HAL_MspInit                            0x08000a14   Section        0  stm32f0xx_hal_msp.o(i.HAL_MspInit)
    i.HAL_NVIC_SetPriority                   0x08000a3c   Section        0  stm32f0xx_hal_cortex.o(i.HAL_NVIC_SetPriority)
    i.HAL_SYSTICK_Config                     0x08000a44   Section        0  stm32f0xx_hal_cortex.o(i.HAL_SYSTICK_Config)
    i.HardFault_Handler                      0x08000a74   Section        0  stm32f0xx_it.o(i.HardFault_Handler)
    i.I2C_Flush_TXDR                         0x08000a76   Section        0  stm32f0xx_hal_i2c.o(i.I2C_Flush_TXDR)
    I2C_Flush_TXDR                           0x08000a77   Thumb Code    34  stm32f0xx_hal_i2c.o(i.I2C_Flush_TXDR)
    i.I2C_IsErrorOccurred                    0x08000a98   Section        0  stm32f0xx_hal_i2c.o(i.I2C_IsErrorOccurred)
    I2C_IsErrorOccurred                      0x08000a99   Thumb Code   260  stm32f0xx_hal_i2c.o(i.I2C_IsErrorOccurred)
    i.I2C_RequestMemoryRead                  0x08000ba0   Section        0  stm32f0xx_hal_i2c.o(i.I2C_RequestMemoryRead)
    I2C_RequestMemoryRead                    0x08000ba1   Thumb Code    92  stm32f0xx_hal_i2c.o(i.I2C_RequestMemoryRead)
    i.I2C_RequestMemoryWrite                 0x08000c00   Section        0  stm32f0xx_hal_i2c.o(i.I2C_RequestMemoryWrite)
    I2C_RequestMemoryWrite                   0x08000c01   Thumb Code    92  stm32f0xx_hal_i2c.o(i.I2C_RequestMemoryWrite)
    i.I2C_TransferConfig                     0x08000c60   Section        0  stm32f0xx_hal_i2c.o(i.I2C_TransferConfig)
    I2C_TransferConfig                       0x08000c61   Thumb Code    38  stm32f0xx_hal_i2c.o(i.I2C_TransferConfig)
    i.I2C_WaitOnFlagUntilTimeout             0x08000c8c   Section        0  stm32f0xx_hal_i2c.o(i.I2C_WaitOnFlagUntilTimeout)
    I2C_WaitOnFlagUntilTimeout               0x08000c8d   Thumb Code   114  stm32f0xx_hal_i2c.o(i.I2C_WaitOnFlagUntilTimeout)
    i.I2C_WaitOnSTOPFlagUntilTimeout         0x08000cfe   Section        0  stm32f0xx_hal_i2c.o(i.I2C_WaitOnSTOPFlagUntilTimeout)
    I2C_WaitOnSTOPFlagUntilTimeout           0x08000cff   Thumb Code    86  stm32f0xx_hal_i2c.o(i.I2C_WaitOnSTOPFlagUntilTimeout)
    i.I2C_WaitOnTXISFlagUntilTimeout         0x08000d54   Section        0  stm32f0xx_hal_i2c.o(i.I2C_WaitOnTXISFlagUntilTimeout)
    I2C_WaitOnTXISFlagUntilTimeout           0x08000d55   Thumb Code    90  stm32f0xx_hal_i2c.o(i.I2C_WaitOnTXISFlagUntilTimeout)
    i.LL_AHB1_GRP1_EnableClock               0x08000db0   Section        0  gpio.o(i.LL_AHB1_GRP1_EnableClock)
    LL_AHB1_GRP1_EnableClock                 0x08000db1   Thumb Code    18  gpio.o(i.LL_AHB1_GRP1_EnableClock)
    i.LL_AHB1_GRP1_EnableClock               0x08000dc8   Section        0  tim.o(i.LL_AHB1_GRP1_EnableClock)
    LL_AHB1_GRP1_EnableClock                 0x08000dc9   Thumb Code    18  tim.o(i.LL_AHB1_GRP1_EnableClock)
    i.LL_AHB1_GRP1_EnableClock               0x08000de0   Section        0  usart.o(i.LL_AHB1_GRP1_EnableClock)
    LL_AHB1_GRP1_EnableClock                 0x08000de1   Thumb Code    18  usart.o(i.LL_AHB1_GRP1_EnableClock)
    i.LL_APB1_GRP1_EnableClock               0x08000df8   Section        0  usart.o(i.LL_APB1_GRP1_EnableClock)
    LL_APB1_GRP1_EnableClock                 0x08000df9   Thumb Code    18  usart.o(i.LL_APB1_GRP1_EnableClock)
    i.LL_APB1_GRP2_EnableClock               0x08000e10   Section        0  tim.o(i.LL_APB1_GRP2_EnableClock)
    LL_APB1_GRP2_EnableClock                 0x08000e11   Thumb Code    18  tim.o(i.LL_APB1_GRP2_EnableClock)
    i.LL_APB1_GRP2_EnableClock               0x08000e28   Section        0  usart.o(i.LL_APB1_GRP2_EnableClock)
    LL_APB1_GRP2_EnableClock                 0x08000e29   Thumb Code    18  usart.o(i.LL_APB1_GRP2_EnableClock)
    i.LL_GPIO_Init                           0x08000e40   Section        0  stm32f0xx_ll_gpio.o(i.LL_GPIO_Init)
    i.LL_RCC_GetSystemClocksFreq             0x08000eee   Section        0  stm32f0xx_ll_rcc.o(i.LL_RCC_GetSystemClocksFreq)
    i.LL_RCC_GetUSARTClockFreq               0x08000f08   Section        0  stm32f0xx_ll_rcc.o(i.LL_RCC_GetUSARTClockFreq)
    i.LL_SPI_Init                            0x08000f5c   Section        0  stm32f0xx_ll_spi.o(i.LL_SPI_Init)
    i.LL_SetSystemCoreClock                  0x08000fd4   Section        0  stm32f0xx_ll_utils.o(i.LL_SetSystemCoreClock)
    i.LL_TIM_BDTR_Init                       0x08000fe0   Section        0  stm32f0xx_ll_tim.o(i.LL_TIM_BDTR_Init)
    i.LL_TIM_Init                            0x08001024   Section        0  stm32f0xx_ll_tim.o(i.LL_TIM_Init)
    i.LL_TIM_OC_DisableFast                  0x080010a8   Section        0  tim.o(i.LL_TIM_OC_DisableFast)
    LL_TIM_OC_DisableFast                    0x080010a9   Thumb Code    82  tim.o(i.LL_TIM_OC_DisableFast)
    i.LL_TIM_OC_EnablePreload                0x08001100   Section        0  tim.o(i.LL_TIM_OC_EnablePreload)
    LL_TIM_OC_EnablePreload                  0x08001101   Thumb Code    82  tim.o(i.LL_TIM_OC_EnablePreload)
    i.LL_TIM_OC_Init                         0x08001158   Section        0  stm32f0xx_ll_tim.o(i.LL_TIM_OC_Init)
    i.LL_USART_ConfigHalfDuplexMode          0x08001200   Section        0  usart.o(i.LL_USART_ConfigHalfDuplexMode)
    LL_USART_ConfigHalfDuplexMode            0x08001201   Thumb Code    20  usart.o(i.LL_USART_ConfigHalfDuplexMode)
    i.LL_USART_Init                          0x08001214   Section        0  stm32f0xx_ll_usart.o(i.LL_USART_Init)
    i.LL_mDelay                              0x080012e8   Section        0  stm32f0xx_ll_utils.o(i.LL_mDelay)
    i.MX_GPIO_Init                           0x08001308   Section        0  gpio.o(i.MX_GPIO_Init)
    i.MX_I2C1_Init                           0x08001480   Section        0  i2c.o(i.MX_I2C1_Init)
    i.MX_SPI1_Init                           0x080014d8   Section        0  spi.o(i.MX_SPI1_Init)
    i.MX_TIM15_Init                          0x0800158c   Section        0  tim.o(i.MX_TIM15_Init)
    i.MX_TIM1_Init                           0x0800166c   Section        0  tim.o(i.MX_TIM1_Init)
    i.MX_TIM3_Init                           0x08001748   Section        0  tim.o(i.MX_TIM3_Init)
    i.MX_USART1_UART_Init                    0x08001808   Section        0  usart.o(i.MX_USART1_UART_Init)
    i.MX_USART2_UART_Init                    0x080018a0   Section        0  usart.o(i.MX_USART2_UART_Init)
    i.MX_USART3_UART_Init                    0x08001924   Section        0  usart.o(i.MX_USART3_UART_Init)
    i.MX_USART4_UART_Init                    0x080019ac   Section        0  usart.o(i.MX_USART4_UART_Init)
    i.MX_USART5_UART_Init                    0x08001a30   Section        0  usart.o(i.MX_USART5_UART_Init)
    i.MX_USART6_UART_Init                    0x08001ab8   Section        0  usart.o(i.MX_USART6_UART_Init)
    i.NMI_Handler                            0x08001b3c   Section        0  stm32f0xx_it.o(i.NMI_Handler)
    i.OC1Config                              0x08001b40   Section        0  stm32f0xx_ll_tim.o(i.OC1Config)
    OC1Config                                0x08001b41   Thumb Code   124  stm32f0xx_ll_tim.o(i.OC1Config)
    i.OC2Config                              0x08001bcc   Section        0  stm32f0xx_ll_tim.o(i.OC2Config)
    OC2Config                                0x08001bcd   Thumb Code   128  stm32f0xx_ll_tim.o(i.OC2Config)
    i.OC3Config                              0x08001c5c   Section        0  stm32f0xx_ll_tim.o(i.OC3Config)
    OC3Config                                0x08001c5d   Thumb Code   134  stm32f0xx_ll_tim.o(i.OC3Config)
    i.PendSV_Handler                         0x08001cf4   Section        0  stm32f0xx_it.o(i.PendSV_Handler)
    i.RCC_GetHCLKClockFreq                   0x08001cf8   Section        0  stm32f0xx_ll_rcc.o(i.RCC_GetHCLKClockFreq)
    i.RCC_GetPCLK1ClockFreq                  0x08001d14   Section        0  stm32f0xx_ll_rcc.o(i.RCC_GetPCLK1ClockFreq)
    i.RCC_GetSystemClockFreq                 0x08001d2c   Section        0  stm32f0xx_ll_rcc.o(i.RCC_GetSystemClockFreq)
    i.RCC_PLL_GetFreqDomain_SYS              0x08001d50   Section        0  stm32f0xx_ll_rcc.o(i.RCC_PLL_GetFreqDomain_SYS)
    i.SVC_Handler                            0x08001d7c   Section        0  stm32f0xx_it.o(i.SVC_Handler)
    i.Send_Data_To_UART1                     0x08001d80   Section        0  main.o(i.Send_Data_To_UART1)
    i.Send_Data_To_UARTx                     0x08001d94   Section        0  main.o(i.Send_Data_To_UARTx)
    i.SysTick_Handler                        0x08001d9e   Section        0  stm32f0xx_it.o(i.SysTick_Handler)
    i.SystemClock_Config                     0x08001da8   Section        0  main.o(i.SystemClock_Config)
    i.SystemInit                             0x08001e60   Section        0  system_stm32f0xx.o(i.SystemInit)
    i.USART1_IRQHandler                      0x08001e62   Section        0  stm32f0xx_it.o(i.USART1_IRQHandler)
    i.USART2_IRQHandler                      0x08001e64   Section        0  stm32f0xx_it.o(i.USART2_IRQHandler)
    i.USART3_6_IRQHandler                    0x08001e66   Section        0  stm32f0xx_it.o(i.USART3_6_IRQHandler)
    i.__ARM_common_switch8                   0x08001e68   Section        0  app_mp2664gg.o(i.__ARM_common_switch8)
    i.__NVIC_EnableIRQ                       0x08001e84   Section        0  usart.o(i.__NVIC_EnableIRQ)
    __NVIC_EnableIRQ                         0x08001e85   Thumb Code    18  usart.o(i.__NVIC_EnableIRQ)
    i.__NVIC_SetPriority                     0x08001e9c   Section        0  usart.o(i.__NVIC_SetPriority)
    __NVIC_SetPriority                       0x08001e9d   Thumb Code    60  usart.o(i.__NVIC_SetPriority)
    i.__NVIC_SetPriority                     0x08001ee0   Section        0  stm32f0xx_hal_cortex.o(i.__NVIC_SetPriority)
    __NVIC_SetPriority                       0x08001ee1   Thumb Code    60  stm32f0xx_hal_cortex.o(i.__NVIC_SetPriority)
    i.delay_nop                              0x08001f24   Section        0  main.o(i.delay_nop)
    i.get_fault                              0x08001f30   Section        0  app_mp2664gg.o(i.get_fault)
    i.get_system_status                      0x08001f40   Section        0  app_mp2664gg.o(i.get_system_status)
    i.i2c_readreg                            0x08001f50   Section        0  main.o(i.i2c_readreg)
    i.i2c_writereg                           0x08001f78   Section        0  main.o(i.i2c_writereg)
    i.iputbytes1                             0x08001fa4   Section        0  main.o(i.iputbytes1)
    i.iputsx                                 0x08001fba   Section        0  main.o(i.iputsx)
    i.led2spi_data                           0x08001fd4   Section        0  app_rgbled.o(i.led2spi_data)
    i.led2spi_onedata                        0x08001ff8   Section        0  app_rgbled.o(i.led2spi_onedata)
    i.main                                   0x0800201c   Section        0  main.o(i.main)
    i.opencharge                             0x08002204   Section        0  app_mp2664gg.o(i.opencharge)
    i.pwmled_task                            0x08002228   Section        0  main.o(i.pwmled_task)
    i.rgbled_task                            0x08002258   Section        0  app_rgbled.o(i.rgbled_task)
    i.selbattchannel                         0x080022ac   Section        0  app_mp2664gg.o(i.selbattchannel)
    i.set_batt_regulation_voltage            0x080022fc   Section        0  app_mp2664gg.o(i.set_batt_regulation_voltage)
    i.set_color_rgb                          0x08002328   Section        0  app_rgbled.o(i.set_color_rgb)
    i.set_fastcharge_current                 0x08002348   Section        0  app_mp2664gg.o(i.set_fastcharge_current)
    i.spi_transmitbytes                      0x08002374   Section        0  main.o(i.spi_transmitbytes)
    i.uartsendcmd                            0x08002398   Section        0  main.o(i.uartsendcmd)
    i.uartsendstrx                           0x080023d4   Section        0  main.o(i.uartsendstrx)
    .constdata                               0x0800240a   Section       14  tim.o(.constdata)
    OFFSET_TAB_CCMRx                         0x0800240a   Data           7  tim.o(.constdata)
    SHIFT_TAB_OCxx                           0x08002411   Data           7  tim.o(.constdata)
    .constdata                               0x08002418   Section       16  system_stm32f0xx.o(.constdata)
    .constdata                               0x08002428   Section        8  system_stm32f0xx.o(.constdata)
    .data                                    0x20000000   Section       73  app_rgbled.o(.data)
    icolorcount                              0x20000000   Data           1  app_rgbled.o(.data)
    .data                                    0x2000004c   Section        8  main.o(.data)
    iduty                                    0x2000004c   Data           4  main.o(.data)
    imaincount                               0x20000050   Data           4  main.o(.data)
    .data                                    0x20000054   Section       12  stm32f0xx_hal.o(.data)
    .data                                    0x20000060   Section        4  system_stm32f0xx.o(.data)
    .bss                                     0x20000064   Section      576  app_rgbled.o(.bss)
    .bss                                     0x200002a4   Section       84  i2c.o(.bss)
    .bss                                     0x200002f8   Section       96  libspace.o(.bss)
    HEAP                                     0x20000358   Section      512  startup_stm32f030xc.o(HEAP)
    Heap_Mem                                 0x20000358   Data         512  startup_stm32f030xc.o(HEAP)
    STACK                                    0x20000558   Section     1024  startup_stm32f030xc.o(STACK)
    Stack_Mem                                0x20000558   Data        1024  startup_stm32f030xc.o(STACK)
    __initial_sp                             0x20000958   Data           0  startup_stm32f030xc.o(STACK)

    Global Symbols

    Symbol Name                              Value     Ov Type        Size  Object(Section)

    BuildAttributes$$THM_ISAv3M$S$PE$A:L22$X:L11$S22$IEEE1$IW$USESV6$~STKCKD$USESV7$~SHL$OSPACE$ROPI$EBA8$UX$STANDARDLIB$REQ8$PRES8$EABIv2 0x00000000   Number         0  anon$$obj.o ABSOLUTE
    __ARM_use_no_argv                        0x00000000   Number         0  main.o ABSOLUTE
    __ARM_exceptions_init                     - Undefined Weak Reference
    __alloca_initialize                       - Undefined Weak Reference
    __arm_preinit_                            - Undefined Weak Reference
    __cpp_initialize__aeabi_                  - Undefined Weak Reference
    __cxa_finalize                            - Undefined Weak Reference
    __rt_locale                               - Undefined Weak Reference
    __sigvec_lookup                           - Undefined Weak Reference
    _atexit_init                              - Undefined Weak Reference
    _call_atexit_fns                          - Undefined Weak Reference
    _clock_init                               - Undefined Weak Reference
    _fp_trap_init                             - Undefined Weak Reference
    _fp_trap_shutdown                         - Undefined Weak Reference
    _get_lc_collate                           - Undefined Weak Reference
    _get_lc_ctype                             - Undefined Weak Reference
    _get_lc_monetary                          - Undefined Weak Reference
    _get_lc_numeric                           - Undefined Weak Reference
    _get_lc_time                              - Undefined Weak Reference
    _getenv_init                              - Undefined Weak Reference
    _handle_redirection                       - Undefined Weak Reference
    _init_alloc                               - Undefined Weak Reference
    _init_user_alloc                          - Undefined Weak Reference
    _initio                                   - Undefined Weak Reference
    _rand_init                                - Undefined Weak Reference
    _signal_finish                            - Undefined Weak Reference
    _signal_init                              - Undefined Weak Reference
    _terminate_alloc                          - Undefined Weak Reference
    _terminate_user_alloc                     - Undefined Weak Reference
    _terminateio                              - Undefined Weak Reference
    __Vectors_Size                           0x000000b8   Number         0  startup_stm32f030xc.o ABSOLUTE
    __Vectors                                0x08000000   Data           4  startup_stm32f030xc.o(RESET)
    __Vectors_End                            0x080000b8   Data           0  startup_stm32f030xc.o(RESET)
    __main                                   0x080000b9   Thumb Code     8  __main.o(!!!main)
    __scatterload                            0x080000c1   Thumb Code     0  __scatter.o(!!!scatter)
    __scatterload_rt2                        0x080000c1   Thumb Code    52  __scatter.o(!!!scatter)
    __scatterload_rt2_thumb_only             0x080000c1   Thumb Code     0  __scatter.o(!!!scatter)
    __scatterload_null                       0x080000d1   Thumb Code     0  __scatter.o(!!!scatter)
    __scatterload_copy                       0x080000fd   Thumb Code    26  __scatter_copy.o(!!handler_copy)
    __scatterload_zeroinit                   0x08000119   Thumb Code    28  __scatter_zi.o(!!handler_zi)
    __rt_lib_init                            0x08000135   Thumb Code     0  libinit.o(.ARM.Collect$$libinit$$00000000)
    __rt_lib_init_alloca_1                   0x08000137   Thumb Code     0  libinit2.o(.ARM.Collect$$libinit$$0000002E)
    __rt_lib_init_argv_1                     0x08000137   Thumb Code     0  libinit2.o(.ARM.Collect$$libinit$$0000002C)
    __rt_lib_init_atexit_1                   0x08000137   Thumb Code     0  libinit2.o(.ARM.Collect$$libinit$$0000001B)
    __rt_lib_init_clock_1                    0x08000137   Thumb Code     0  libinit2.o(.ARM.Collect$$libinit$$00000021)
    __rt_lib_init_cpp_1                      0x08000137   Thumb Code     0  libinit2.o(.ARM.Collect$$libinit$$00000032)
    __rt_lib_init_exceptions_1               0x08000137   Thumb Code     0  libinit2.o(.ARM.Collect$$libinit$$00000030)
    __rt_lib_init_fp_1                       0x08000137   Thumb Code     0  libinit2.o(.ARM.Collect$$libinit$$00000002)
    __rt_lib_init_fp_trap_1                  0x08000137   Thumb Code     0  libinit2.o(.ARM.Collect$$libinit$$0000001F)
    __rt_lib_init_getenv_1                   0x08000137   Thumb Code     0  libinit2.o(.ARM.Collect$$libinit$$00000023)
    __rt_lib_init_heap_1                     0x08000137   Thumb Code     0  libinit2.o(.ARM.Collect$$libinit$$0000000A)
    __rt_lib_init_lc_collate_1               0x08000137   Thumb Code     0  libinit2.o(.ARM.Collect$$libinit$$00000011)
    __rt_lib_init_lc_ctype_1                 0x08000137   Thumb Code     0  libinit2.o(.ARM.Collect$$libinit$$00000013)
    __rt_lib_init_lc_monetary_1              0x08000137   Thumb Code     0  libinit2.o(.ARM.Collect$$libinit$$00000015)
    __rt_lib_init_lc_numeric_1               0x08000137   Thumb Code     0  libinit2.o(.ARM.Collect$$libinit$$00000017)
    __rt_lib_init_lc_time_1                  0x08000137   Thumb Code     0  libinit2.o(.ARM.Collect$$libinit$$00000019)
    __rt_lib_init_preinit_1                  0x08000137   Thumb Code     0  libinit2.o(.ARM.Collect$$libinit$$00000004)
    __rt_lib_init_rand_1                     0x08000137   Thumb Code     0  libinit2.o(.ARM.Collect$$libinit$$0000000E)
    __rt_lib_init_return                     0x08000137   Thumb Code     0  libinit2.o(.ARM.Collect$$libinit$$00000033)
    __rt_lib_init_signal_1                   0x08000137   Thumb Code     0  libinit2.o(.ARM.Collect$$libinit$$0000001D)
    __rt_lib_init_stdio_1                    0x08000137   Thumb Code     0  libinit2.o(.ARM.Collect$$libinit$$00000025)
    __rt_lib_init_user_alloc_1               0x08000137   Thumb Code     0  libinit2.o(.ARM.Collect$$libinit$$0000000C)
    __rt_lib_shutdown                        0x08000139   Thumb Code     0  libshutdown.o(.ARM.Collect$$libshutdown$$00000000)
    __rt_lib_shutdown_cpp_1                  0x0800013b   Thumb Code     0  libshutdown2.o(.ARM.Collect$$libshutdown$$00000002)
    __rt_lib_shutdown_fp_trap_1              0x0800013b   Thumb Code     0  libshutdown2.o(.ARM.Collect$$libshutdown$$00000007)
    __rt_lib_shutdown_heap_1                 0x0800013b   Thumb Code     0  libshutdown2.o(.ARM.Collect$$libshutdown$$0000000F)
    __rt_lib_shutdown_return                 0x0800013b   Thumb Code     0  libshutdown2.o(.ARM.Collect$$libshutdown$$00000010)
    __rt_lib_shutdown_signal_1               0x0800013b   Thumb Code     0  libshutdown2.o(.ARM.Collect$$libshutdown$$0000000A)
    __rt_lib_shutdown_stdio_1                0x0800013b   Thumb Code     0  libshutdown2.o(.ARM.Collect$$libshutdown$$00000004)
    __rt_lib_shutdown_user_alloc_1           0x0800013b   Thumb Code     0  libshutdown2.o(.ARM.Collect$$libshutdown$$0000000C)
    __rt_entry                               0x0800013d   Thumb Code     0  __rtentry.o(.ARM.Collect$$rtentry$$00000000)
    __rt_entry_presh_1                       0x0800013d   Thumb Code     0  __rtentry2.o(.ARM.Collect$$rtentry$$00000002)
    __rt_entry_sh                            0x0800013d   Thumb Code     0  __rtentry4.o(.ARM.Collect$$rtentry$$00000004)
    __rt_entry_li                            0x08000143   Thumb Code     0  __rtentry2.o(.ARM.Collect$$rtentry$$0000000A)
    __rt_entry_postsh_1                      0x08000143   Thumb Code     0  __rtentry2.o(.ARM.Collect$$rtentry$$00000009)
    __rt_entry_main                          0x08000147   Thumb Code     0  __rtentry2.o(.ARM.Collect$$rtentry$$0000000D)
    __rt_entry_postli_1                      0x08000147   Thumb Code     0  __rtentry2.o(.ARM.Collect$$rtentry$$0000000C)
    __rt_exit                                0x0800014f   Thumb Code     0  rtexit.o(.ARM.Collect$$rtexit$$00000000)
    __rt_exit_ls                             0x08000151   Thumb Code     0  rtexit2.o(.ARM.Collect$$rtexit$$00000003)
    __rt_exit_prels_1                        0x08000151   Thumb Code     0  rtexit2.o(.ARM.Collect$$rtexit$$00000002)
    __rt_exit_exit                           0x08000155   Thumb Code     0  rtexit2.o(.ARM.Collect$$rtexit$$00000004)
    Reset_Handler                            0x0800015d   Thumb Code     8  startup_stm32f030xc.o(.text)
    ADC1_IRQHandler                          0x0800016f   Thumb Code     0  startup_stm32f030xc.o(.text)
    DMA1_Channel1_IRQHandler                 0x0800016f   Thumb Code     0  startup_stm32f030xc.o(.text)
    DMA1_Channel2_3_IRQHandler               0x0800016f   Thumb Code     0  startup_stm32f030xc.o(.text)
    DMA1_Channel4_5_IRQHandler               0x0800016f   Thumb Code     0  startup_stm32f030xc.o(.text)
    EXTI0_1_IRQHandler                       0x0800016f   Thumb Code     0  startup_stm32f030xc.o(.text)
    EXTI2_3_IRQHandler                       0x0800016f   Thumb Code     0  startup_stm32f030xc.o(.text)
    EXTI4_15_IRQHandler                      0x0800016f   Thumb Code     0  startup_stm32f030xc.o(.text)
    FLASH_IRQHandler                         0x0800016f   Thumb Code     0  startup_stm32f030xc.o(.text)
    I2C1_IRQHandler                          0x0800016f   Thumb Code     0  startup_stm32f030xc.o(.text)
    I2C2_IRQHandler                          0x0800016f   Thumb Code     0  startup_stm32f030xc.o(.text)
    RCC_IRQHandler                           0x0800016f   Thumb Code     0  startup_stm32f030xc.o(.text)
    RTC_IRQHandler                           0x0800016f   Thumb Code     0  startup_stm32f030xc.o(.text)
    SPI1_IRQHandler                          0x0800016f   Thumb Code     0  startup_stm32f030xc.o(.text)
    SPI2_IRQHandler                          0x0800016f   Thumb Code     0  startup_stm32f030xc.o(.text)
    TIM14_IRQHandler                         0x0800016f   Thumb Code     0  startup_stm32f030xc.o(.text)
    TIM15_IRQHandler                         0x0800016f   Thumb Code     0  startup_stm32f030xc.o(.text)
    TIM16_IRQHandler                         0x0800016f   Thumb Code     0  startup_stm32f030xc.o(.text)
    TIM17_IRQHandler                         0x0800016f   Thumb Code     0  startup_stm32f030xc.o(.text)
    TIM1_BRK_UP_TRG_COM_IRQHandler           0x0800016f   Thumb Code     0  startup_stm32f030xc.o(.text)
    TIM1_CC_IRQHandler                       0x0800016f   Thumb Code     0  startup_stm32f030xc.o(.text)
    TIM3_IRQHandler                          0x0800016f   Thumb Code     0  startup_stm32f030xc.o(.text)
    TIM6_IRQHandler                          0x0800016f   Thumb Code     0  startup_stm32f030xc.o(.text)
    TIM7_IRQHandler                          0x0800016f   Thumb Code     0  startup_stm32f030xc.o(.text)
    WWDG_IRQHandler                          0x0800016f   Thumb Code     0  startup_stm32f030xc.o(.text)
    __user_initial_stackheap                 0x08000171   Thumb Code     0  startup_stm32f030xc.o(.text)
    _memset_w                                0x08000195   Thumb Code    26  rt_memclr.o(.text)
    _memset                                  0x080001af   Thumb Code    30  rt_memclr.o(.text)
    __aeabi_memclr                           0x080001cd   Thumb Code     4  rt_memclr.o(.text)
    __rt_memclr                              0x080001cd   Thumb Code     0  rt_memclr.o(.text)
    __aeabi_memclr4                          0x080001d1   Thumb Code     0  rt_memclr.o(.text)
    __aeabi_memclr8                          0x080001d1   Thumb Code     0  rt_memclr.o(.text)
    __rt_memclr_w                            0x080001d1   Thumb Code     4  rt_memclr.o(.text)
    __aeabi_uidiv                            0x080001d5   Thumb Code     0  aeabi_sdiv.o(.text)
    __aeabi_uidivmod                         0x080001d5   Thumb Code    20  aeabi_sdiv.o(.text)
    __aeabi_idiv                             0x080001e9   Thumb Code     0  aeabi_sdiv.o(.text)
    __aeabi_idivmod                          0x080001e9   Thumb Code   326  aeabi_sdiv.o(.text)
    __use_two_region_memory                  0x0800032f   Thumb Code     2  heapauxi.o(.text)
    __rt_heap_escrow$2region                 0x08000331   Thumb Code     2  heapauxi.o(.text)
    __rt_heap_expand$2region                 0x08000333   Thumb Code     2  heapauxi.o(.text)
    __user_setup_stackheap                   0x08000335   Thumb Code    62  sys_stackheap_outer.o(.text)
    exit                                     0x08000373   Thumb Code    16  exit.o(.text)
    __user_libspace                          0x08000385   Thumb Code     8  libspace.o(.text)
    __user_perproc_libspace                  0x08000385   Thumb Code     0  libspace.o(.text)
    __user_perthread_libspace                0x08000385   Thumb Code     0  libspace.o(.text)
    _sys_exit                                0x0800038d   Thumb Code     8  sys_exit.o(.text)
    __I$use$semihosting                      0x08000399   Thumb Code     0  use_no_semi.o(.text)
    __use_no_semihosting_swi                 0x08000399   Thumb Code     2  use_no_semi.o(.text)
    Error_Handler                            0x0800039b   Thumb Code     4  main.o(i.Error_Handler)
    __semihosting_library_function           0x0800039b   Thumb Code     0  indicate_semi.o(.text)
    HAL_GPIO_Init                            0x080003a1   Thumb Code   396  stm32f0xx_hal_gpio.o(i.HAL_GPIO_Init)
    HAL_GetTick                              0x08000545   Thumb Code     6  stm32f0xx_hal.o(i.HAL_GetTick)
    HAL_I2CEx_ConfigAnalogFilter             0x08000551   Thumb Code    74  stm32f0xx_hal_i2c_ex.o(i.HAL_I2CEx_ConfigAnalogFilter)
    HAL_I2CEx_ConfigDigitalFilter            0x0800059b   Thumb Code    72  stm32f0xx_hal_i2c_ex.o(i.HAL_I2CEx_ConfigDigitalFilter)
    HAL_I2C_Init                             0x080005e5   Thumb Code   182  stm32f0xx_hal_i2c.o(i.HAL_I2C_Init)
    HAL_I2C_Mem_Read                         0x080006a1   Thumb Code   328  stm32f0xx_hal_i2c.o(i.HAL_I2C_Mem_Read)
    HAL_I2C_Mem_Write                        0x080007f1   Thumb Code   326  stm32f0xx_hal_i2c.o(i.HAL_I2C_Mem_Write)
    HAL_I2C_MspInit                          0x0800093d   Thumb Code    86  i2c.o(i.HAL_I2C_MspInit)
    HAL_IncTick                              0x080009a1   Thumb Code    12  stm32f0xx_hal.o(i.HAL_IncTick)
    HAL_Init                                 0x080009b1   Thumb Code    26  stm32f0xx_hal.o(i.HAL_Init)
    HAL_InitTick                             0x080009d1   Thumb Code    58  stm32f0xx_hal.o(i.HAL_InitTick)
    HAL_MspInit                              0x08000a15   Thumb Code    34  stm32f0xx_hal_msp.o(i.HAL_MspInit)
    HAL_NVIC_SetPriority                     0x08000a3d   Thumb Code     8  stm32f0xx_hal_cortex.o(i.HAL_NVIC_SetPriority)
    HAL_SYSTICK_Config                       0x08000a45   Thumb Code    38  stm32f0xx_hal_cortex.o(i.HAL_SYSTICK_Config)
    HardFault_Handler                        0x08000a75   Thumb Code     2  stm32f0xx_it.o(i.HardFault_Handler)
    LL_GPIO_Init                             0x08000e41   Thumb Code   174  stm32f0xx_ll_gpio.o(i.LL_GPIO_Init)
    LL_RCC_GetSystemClocksFreq               0x08000eef   Thumb Code    24  stm32f0xx_ll_rcc.o(i.LL_RCC_GetSystemClocksFreq)
    LL_RCC_GetUSARTClockFreq                 0x08000f09   Thumb Code    76  stm32f0xx_ll_rcc.o(i.LL_RCC_GetUSARTClockFreq)
    LL_SPI_Init                              0x08000f5d   Thumb Code   112  stm32f0xx_ll_spi.o(i.LL_SPI_Init)
    LL_SetSystemCoreClock                    0x08000fd5   Thumb Code     6  stm32f0xx_ll_utils.o(i.LL_SetSystemCoreClock)
    LL_TIM_BDTR_Init                         0x08000fe1   Thumb Code    68  stm32f0xx_ll_tim.o(i.LL_TIM_BDTR_Init)
    LL_TIM_Init                              0x08001025   Thumb Code   108  stm32f0xx_ll_tim.o(i.LL_TIM_Init)
    LL_TIM_OC_Init                           0x08001159   Thumb Code   152  stm32f0xx_ll_tim.o(i.LL_TIM_OC_Init)
    LL_USART_Init                            0x08001215   Thumb Code   180  stm32f0xx_ll_usart.o(i.LL_USART_Init)
    LL_mDelay                                0x080012e9   Thumb Code    28  stm32f0xx_ll_utils.o(i.LL_mDelay)
    MX_GPIO_Init                             0x08001309   Thumb Code   366  gpio.o(i.MX_GPIO_Init)
    MX_I2C1_Init                             0x08001481   Thumb Code    76  i2c.o(i.MX_I2C1_Init)
    MX_SPI1_Init                             0x080014d9   Thumb Code   172  spi.o(i.MX_SPI1_Init)
    MX_TIM15_Init                            0x0800158d   Thumb Code   212  tim.o(i.MX_TIM15_Init)
    MX_TIM1_Init                             0x0800166d   Thumb Code   212  tim.o(i.MX_TIM1_Init)
    MX_TIM3_Init                             0x08001749   Thumb Code   178  tim.o(i.MX_TIM3_Init)
    MX_USART1_UART_Init                      0x08001809   Thumb Code   138  usart.o(i.MX_USART1_UART_Init)
    MX_USART2_UART_Init                      0x080018a1   Thumb Code   124  usart.o(i.MX_USART2_UART_Init)
    MX_USART3_UART_Init                      0x08001925   Thumb Code   124  usart.o(i.MX_USART3_UART_Init)
    MX_USART4_UART_Init                      0x080019ad   Thumb Code   124  usart.o(i.MX_USART4_UART_Init)
    MX_USART5_UART_Init                      0x08001a31   Thumb Code   124  usart.o(i.MX_USART5_UART_Init)
    MX_USART6_UART_Init                      0x08001ab9   Thumb Code   124  usart.o(i.MX_USART6_UART_Init)
    NMI_Handler                              0x08001b3d   Thumb Code     2  stm32f0xx_it.o(i.NMI_Handler)
    PendSV_Handler                           0x08001cf5   Thumb Code     2  stm32f0xx_it.o(i.PendSV_Handler)
    RCC_GetHCLKClockFreq                     0x08001cf9   Thumb Code    18  stm32f0xx_ll_rcc.o(i.RCC_GetHCLKClockFreq)
    RCC_GetPCLK1ClockFreq                    0x08001d15   Thumb Code    16  stm32f0xx_ll_rcc.o(i.RCC_GetPCLK1ClockFreq)
    RCC_GetSystemClockFreq                   0x08001d2d   Thumb Code    28  stm32f0xx_ll_rcc.o(i.RCC_GetSystemClockFreq)
    RCC_PLL_GetFreqDomain_SYS                0x08001d51   Thumb Code    36  stm32f0xx_ll_rcc.o(i.RCC_PLL_GetFreqDomain_SYS)
    SVC_Handler                              0x08001d7d   Thumb Code     2  stm32f0xx_it.o(i.SVC_Handler)
    Send_Data_To_UART1                       0x08001d81   Thumb Code    16  main.o(i.Send_Data_To_UART1)
    Send_Data_To_UARTx                       0x08001d95   Thumb Code    10  main.o(i.Send_Data_To_UARTx)
    SysTick_Handler                          0x08001d9f   Thumb Code     8  stm32f0xx_it.o(i.SysTick_Handler)
    SystemClock_Config                       0x08001da9   Thumb Code   172  main.o(i.SystemClock_Config)
    SystemInit                               0x08001e61   Thumb Code     2  system_stm32f0xx.o(i.SystemInit)
    USART1_IRQHandler                        0x08001e63   Thumb Code     2  stm32f0xx_it.o(i.USART1_IRQHandler)
    USART2_IRQHandler                        0x08001e65   Thumb Code     2  stm32f0xx_it.o(i.USART2_IRQHandler)
    USART3_6_IRQHandler                      0x08001e67   Thumb Code     2  stm32f0xx_it.o(i.USART3_6_IRQHandler)
    __ARM_common_switch8                     0x08001e69   Thumb Code    26  app_mp2664gg.o(i.__ARM_common_switch8)
    delay_nop                                0x08001f25   Thumb Code    12  main.o(i.delay_nop)
    get_fault                                0x08001f31   Thumb Code    16  app_mp2664gg.o(i.get_fault)
    get_system_status                        0x08001f41   Thumb Code    16  app_mp2664gg.o(i.get_system_status)
    i2c_readreg                              0x08001f51   Thumb Code    34  main.o(i.i2c_readreg)
    i2c_writereg                             0x08001f79   Thumb Code    38  main.o(i.i2c_writereg)
    iputbytes1                               0x08001fa5   Thumb Code    22  main.o(i.iputbytes1)
    iputsx                                   0x08001fbb   Thumb Code    24  main.o(i.iputsx)
    led2spi_data                             0x08001fd5   Thumb Code    32  app_rgbled.o(i.led2spi_data)
    led2spi_onedata                          0x08001ff9   Thumb Code    34  app_rgbled.o(i.led2spi_onedata)
    main                                     0x0800201d   Thumb Code   358  main.o(i.main)
    opencharge                               0x08002205   Thumb Code    36  app_mp2664gg.o(i.opencharge)
    pwmled_task                              0x08002229   Thumb Code    32  main.o(i.pwmled_task)
    rgbled_task                              0x08002259   Thumb Code    70  app_rgbled.o(i.rgbled_task)
    selbattchannel                           0x080022ad   Thumb Code    74  app_mp2664gg.o(i.selbattchannel)
    set_batt_regulation_voltage              0x080022fd   Thumb Code    42  app_mp2664gg.o(i.set_batt_regulation_voltage)
    set_color_rgb                            0x08002329   Thumb Code    28  app_rgbled.o(i.set_color_rgb)
    set_fastcharge_current                   0x08002349   Thumb Code    42  app_mp2664gg.o(i.set_fastcharge_current)
    spi_transmitbytes                        0x08002375   Thumb Code    30  main.o(i.spi_transmitbytes)
    uartsendcmd                              0x08002399   Thumb Code    56  main.o(i.uartsendcmd)
    uartsendstrx                             0x080023d5   Thumb Code    54  main.o(i.uartsendstrx)
    AHBPrescTable                            0x08002418   Data          16  system_stm32f0xx.o(.constdata)
    APBPrescTable                            0x08002428   Data           8  system_stm32f0xx.o(.constdata)
    Region$$Table$$Base                      0x08002430   Number         0  anon$$obj.o(Region$$Table)
    Region$$Table$$Limit                     0x08002450   Number         0  anon$$obj.o(Region$$Table)
    ileddata                                 0x20000001   Data          72  app_rgbled.o(.data)
    uwTickFreq                               0x20000054   Data           1  stm32f0xx_hal.o(.data)
    uwTickPrio                               0x20000058   Data           4  stm32f0xx_hal.o(.data)
    uwTick                                   0x2000005c   Data           4  stm32f0xx_hal.o(.data)
    SystemCoreClock                          0x20000060   Data           4  system_stm32f0xx.o(.data)
    ispidata                                 0x20000064   Data         576  app_rgbled.o(.bss)
    hi2c1                                    0x200002a4   Data          84  i2c.o(.bss)
    __libspace_start                         0x200002f8   Data          96  libspace.o(.bss)
    __temporary_stack_top$libspace           0x20000358   Data           0  libspace.o(.bss)



==============================================================================

Memory Map of the image

  Image Entry point : 0x080000b9

  Load Region LR_IROM1 (Base: 0x08000000, Size: 0x000024b4, Max: 0x00040000, ABSOLUTE)

    Execution Region ER_IROM1 (Exec base: 0x08000000, Load base: 0x08000000, Size: 0x00002450, Max: 0x00040000, ABSOLUTE)

    Exec Addr    Load Addr    Size         Type   Attr      Idx    E Section Name        Object

    0x08000000   0x08000000   0x000000b8   Data   RO            3    RESET               startup_stm32f030xc.o
    0x080000b8   0x080000b8   0x00000008   Code   RO         2804  * !!!main             c_p.l(__main.o)
    0x080000c0   0x080000c0   0x0000003c   Code   RO         2977    !!!scatter          c_p.l(__scatter.o)
    0x080000fc   0x080000fc   0x0000001a   Code   RO         2979    !!handler_copy      c_p.l(__scatter_copy.o)
    0x08000116   0x08000116   0x00000002   PAD
    0x08000118   0x08000118   0x0000001c   Code   RO         2981    !!handler_zi        c_p.l(__scatter_zi.o)
    0x08000134   0x08000134   0x00000002   Code   RO         2846    .ARM.Collect$$libinit$$00000000  c_p.l(libinit.o)
    0x08000136   0x08000136   0x00000000   Code   RO         2860    .ARM.Collect$$libinit$$00000002  c_p.l(libinit2.o)
    0x08000136   0x08000136   0x00000000   Code   RO         2862    .ARM.Collect$$libinit$$00000004  c_p.l(libinit2.o)
    0x08000136   0x08000136   0x00000000   Code   RO         2865    .ARM.Collect$$libinit$$0000000A  c_p.l(libinit2.o)
    0x08000136   0x08000136   0x00000000   Code   RO         2867    .ARM.Collect$$libinit$$0000000C  c_p.l(libinit2.o)
    0x08000136   0x08000136   0x00000000   Code   RO         2869    .ARM.Collect$$libinit$$0000000E  c_p.l(libinit2.o)
    0x08000136   0x08000136   0x00000000   Code   RO         2872    .ARM.Collect$$libinit$$00000011  c_p.l(libinit2.o)
    0x08000136   0x08000136   0x00000000   Code   RO         2874    .ARM.Collect$$libinit$$00000013  c_p.l(libinit2.o)
    0x08000136   0x08000136   0x00000000   Code   RO         2876    .ARM.Collect$$libinit$$00000015  c_p.l(libinit2.o)
    0x08000136   0x08000136   0x00000000   Code   RO         2878    .ARM.Collect$$libinit$$00000017  c_p.l(libinit2.o)
    0x08000136   0x08000136   0x00000000   Code   RO         2880    .ARM.Collect$$libinit$$00000019  c_p.l(libinit2.o)
    0x08000136   0x08000136   0x00000000   Code   RO         2882    .ARM.Collect$$libinit$$0000001B  c_p.l(libinit2.o)
    0x08000136   0x08000136   0x00000000   Code   RO         2884    .ARM.Collect$$libinit$$0000001D  c_p.l(libinit2.o)
    0x08000136   0x08000136   0x00000000   Code   RO         2886    .ARM.Collect$$libinit$$0000001F  c_p.l(libinit2.o)
    0x08000136   0x08000136   0x00000000   Code   RO         2888    .ARM.Collect$$libinit$$00000021  c_p.l(libinit2.o)
    0x08000136   0x08000136   0x00000000   Code   RO         2890    .ARM.Collect$$libinit$$00000023  c_p.l(libinit2.o)
    0x08000136   0x08000136   0x00000000   Code   RO         2892    .ARM.Collect$$libinit$$00000025  c_p.l(libinit2.o)
    0x08000136   0x08000136   0x00000000   Code   RO         2896    .ARM.Collect$$libinit$$0000002C  c_p.l(libinit2.o)
    0x08000136   0x08000136   0x00000000   Code   RO         2898    .ARM.Collect$$libinit$$0000002E  c_p.l(libinit2.o)
    0x08000136   0x08000136   0x00000000   Code   RO         2900    .ARM.Collect$$libinit$$00000030  c_p.l(libinit2.o)
    0x08000136   0x08000136   0x00000000   Code   RO         2902    .ARM.Collect$$libinit$$00000032  c_p.l(libinit2.o)
    0x08000136   0x08000136   0x00000002   Code   RO         2903    .ARM.Collect$$libinit$$00000033  c_p.l(libinit2.o)
    0x08000138   0x08000138   0x00000002   Code   RO         2934    .ARM.Collect$$libshutdown$$00000000  c_p.l(libshutdown.o)
    0x0800013a   0x0800013a   0x00000000   Code   RO         2960    .ARM.Collect$$libshutdown$$00000002  c_p.l(libshutdown2.o)
    0x0800013a   0x0800013a   0x00000000   Code   RO         2962    .ARM.Collect$$libshutdown$$00000004  c_p.l(libshutdown2.o)
    0x0800013a   0x0800013a   0x00000000   Code   RO         2965    .ARM.Collect$$libshutdown$$00000007  c_p.l(libshutdown2.o)
    0x0800013a   0x0800013a   0x00000000   Code   RO         2968    .ARM.Collect$$libshutdown$$0000000A  c_p.l(libshutdown2.o)
    0x0800013a   0x0800013a   0x00000000   Code   RO         2970    .ARM.Collect$$libshutdown$$0000000C  c_p.l(libshutdown2.o)
    0x0800013a   0x0800013a   0x00000000   Code   RO         2973    .ARM.Collect$$libshutdown$$0000000F  c_p.l(libshutdown2.o)
    0x0800013a   0x0800013a   0x00000002   Code   RO         2974    .ARM.Collect$$libshutdown$$00000010  c_p.l(libshutdown2.o)
    0x0800013c   0x0800013c   0x00000000   Code   RO         2806    .ARM.Collect$$rtentry$$00000000  c_p.l(__rtentry.o)
    0x0800013c   0x0800013c   0x00000000   Code   RO         2816    .ARM.Collect$$rtentry$$00000002  c_p.l(__rtentry2.o)
    0x0800013c   0x0800013c   0x00000006   Code   RO         2828    .ARM.Collect$$rtentry$$00000004  c_p.l(__rtentry4.o)
    0x08000142   0x08000142   0x00000000   Code   RO         2818    .ARM.Collect$$rtentry$$00000009  c_p.l(__rtentry2.o)
    0x08000142   0x08000142   0x00000004   Code   RO         2819    .ARM.Collect$$rtentry$$0000000A  c_p.l(__rtentry2.o)
    0x08000146   0x08000146   0x00000000   Code   RO         2821    .ARM.Collect$$rtentry$$0000000C  c_p.l(__rtentry2.o)
    0x08000146   0x08000146   0x00000008   Code   RO         2822    .ARM.Collect$$rtentry$$0000000D  c_p.l(__rtentry2.o)
    0x0800014e   0x0800014e   0x00000002   Code   RO         2851    .ARM.Collect$$rtexit$$00000000  c_p.l(rtexit.o)
    0x08000150   0x08000150   0x00000000   Code   RO         2907    .ARM.Collect$$rtexit$$00000002  c_p.l(rtexit2.o)
    0x08000150   0x08000150   0x00000004   Code   RO         2908    .ARM.Collect$$rtexit$$00000003  c_p.l(rtexit2.o)
    0x08000154   0x08000154   0x00000006   Code   RO         2909    .ARM.Collect$$rtexit$$00000004  c_p.l(rtexit2.o)
    0x0800015a   0x0800015a   0x00000002   PAD
    0x0800015c   0x0800015c   0x00000038   Code   RO            4    .text               startup_stm32f030xc.o
    0x08000194   0x08000194   0x00000040   Code   RO         2796    .text               c_p.l(rt_memclr.o)
    0x080001d4   0x080001d4   0x0000015a   Code   RO         2798    .text               c_p.l(aeabi_sdiv.o)
    0x0800032e   0x0800032e   0x00000006   Code   RO         2802    .text               c_p.l(heapauxi.o)
    0x08000334   0x08000334   0x0000003e   Code   RO         2832    .text               c_p.l(sys_stackheap_outer.o)
    0x08000372   0x08000372   0x00000010   Code   RO         2835    .text               c_p.l(exit.o)
    0x08000382   0x08000382   0x00000002   PAD
    0x08000384   0x08000384   0x00000008   Code   RO         2847    .text               c_p.l(libspace.o)
    0x0800038c   0x0800038c   0x0000000c   Code   RO         2904    .text               c_p.l(sys_exit.o)
    0x08000398   0x08000398   0x00000002   Code   RO         2923    .text               c_p.l(use_no_semi.o)
    0x0800039a   0x0800039a   0x00000000   Code   RO         2925    .text               c_p.l(indicate_semi.o)
    0x0800039a   0x0800039a   0x00000004   Code   RO          369    i.Error_Handler     main.o
    0x0800039e   0x0800039e   0x00000002   PAD
    0x080003a0   0x080003a0   0x000001a4   Code   RO         1866    i.HAL_GPIO_Init     stm32f0xx_hal_gpio.o
    0x08000544   0x08000544   0x0000000c   Code   RO         1714    i.HAL_GetTick       stm32f0xx_hal.o
    0x08000550   0x08000550   0x0000004a   Code   RO         1366    i.HAL_I2CEx_ConfigAnalogFilter  stm32f0xx_hal_i2c_ex.o
    0x0800059a   0x0800059a   0x00000048   Code   RO         1367    i.HAL_I2CEx_ConfigDigitalFilter  stm32f0xx_hal_i2c_ex.o
    0x080005e2   0x080005e2   0x00000002   PAD
    0x080005e4   0x080005e4   0x000000bc   Code   RO          909    i.HAL_I2C_Init      stm32f0xx_hal_i2c.o
    0x080006a0   0x080006a0   0x00000150   Code   RO          927    i.HAL_I2C_Mem_Read  stm32f0xx_hal_i2c.o
    0x080007f0   0x080007f0   0x0000014c   Code   RO          930    i.HAL_I2C_Mem_Write  stm32f0xx_hal_i2c.o
    0x0800093c   0x0800093c   0x00000064   Code   RO          553    i.HAL_I2C_MspInit   i2c.o
    0x080009a0   0x080009a0   0x00000010   Code   RO         1720    i.HAL_IncTick       stm32f0xx_hal.o
    0x080009b0   0x080009b0   0x00000020   Code   RO         1721    i.HAL_Init          stm32f0xx_hal.o
    0x080009d0   0x080009d0   0x00000044   Code   RO         1722    i.HAL_InitTick      stm32f0xx_hal.o
    0x08000a14   0x08000a14   0x00000028   Code   RO          830    i.HAL_MspInit       stm32f0xx_hal_msp.o
    0x08000a3c   0x08000a3c   0x00000008   Code   RO         2027    i.HAL_NVIC_SetPriority  stm32f0xx_hal_cortex.o
    0x08000a44   0x08000a44   0x00000030   Code   RO         2031    i.HAL_SYSTICK_Config  stm32f0xx_hal_cortex.o
    0x08000a74   0x08000a74   0x00000002   Code   RO          765    i.HardFault_Handler  stm32f0xx_it.o
    0x08000a76   0x08000a76   0x00000022   Code   RO          956    i.I2C_Flush_TXDR    stm32f0xx_hal_i2c.o
    0x08000a98   0x08000a98   0x00000108   Code   RO          964    i.I2C_IsErrorOccurred  stm32f0xx_hal_i2c.o
    0x08000ba0   0x08000ba0   0x00000060   Code   RO          969    i.I2C_RequestMemoryRead  stm32f0xx_hal_i2c.o
    0x08000c00   0x08000c00   0x00000060   Code   RO          970    i.I2C_RequestMemoryWrite  stm32f0xx_hal_i2c.o
    0x08000c60   0x08000c60   0x0000002c   Code   RO          973    i.I2C_TransferConfig  stm32f0xx_hal_i2c.o
    0x08000c8c   0x08000c8c   0x00000072   Code   RO          975    i.I2C_WaitOnFlagUntilTimeout  stm32f0xx_hal_i2c.o
    0x08000cfe   0x08000cfe   0x00000056   Code   RO          977    i.I2C_WaitOnSTOPFlagUntilTimeout  stm32f0xx_hal_i2c.o
    0x08000d54   0x08000d54   0x0000005a   Code   RO          978    i.I2C_WaitOnTXISFlagUntilTimeout  stm32f0xx_hal_i2c.o
    0x08000dae   0x08000dae   0x00000002   PAD
    0x08000db0   0x08000db0   0x00000018   Code   RO          524    i.LL_AHB1_GRP1_EnableClock  gpio.o
    0x08000dc8   0x08000dc8   0x00000018   Code   RO          616    i.LL_AHB1_GRP1_EnableClock  tim.o
    0x08000de0   0x08000de0   0x00000018   Code   RO          676    i.LL_AHB1_GRP1_EnableClock  usart.o
    0x08000df8   0x08000df8   0x00000018   Code   RO          677    i.LL_APB1_GRP1_EnableClock  usart.o
    0x08000e10   0x08000e10   0x00000018   Code   RO          617    i.LL_APB1_GRP2_EnableClock  tim.o
    0x08000e28   0x08000e28   0x00000018   Code   RO          678    i.LL_APB1_GRP2_EnableClock  usart.o
    0x08000e40   0x08000e40   0x000000ae   Code   RO          853    i.LL_GPIO_Init      stm32f0xx_ll_gpio.o
    0x08000eee   0x08000eee   0x00000018   Code   RO         1406    i.LL_RCC_GetSystemClocksFreq  stm32f0xx_ll_rcc.o
    0x08000f06   0x08000f06   0x00000002   PAD
    0x08000f08   0x08000f08   0x00000054   Code   RO         1407    i.LL_RCC_GetUSARTClockFreq  stm32f0xx_ll_rcc.o
    0x08000f5c   0x08000f5c   0x00000078   Code   RO         2464    i.LL_SPI_Init       stm32f0xx_ll_spi.o
    0x08000fd4   0x08000fd4   0x0000000c   Code   RO         1472    i.LL_SetSystemCoreClock  stm32f0xx_ll_utils.o
    0x08000fe0   0x08000fe0   0x00000044   Code   RO         2575    i.LL_TIM_BDTR_Init  stm32f0xx_ll_tim.o
    0x08001024   0x08001024   0x00000084   Code   RO         2584    i.LL_TIM_Init       stm32f0xx_ll_tim.o
    0x080010a8   0x080010a8   0x00000058   Code   RO          618    i.LL_TIM_OC_DisableFast  tim.o
    0x08001100   0x08001100   0x00000058   Code   RO          619    i.LL_TIM_OC_EnablePreload  tim.o
    0x08001158   0x08001158   0x000000a8   Code   RO         2585    i.LL_TIM_OC_Init    stm32f0xx_ll_tim.o
    0x08001200   0x08001200   0x00000014   Code   RO          679    i.LL_USART_ConfigHalfDuplexMode  usart.o
    0x08001214   0x08001214   0x000000d4   Code   RO         2706    i.LL_USART_Init     stm32f0xx_ll_usart.o
    0x080012e8   0x080012e8   0x00000020   Code   RO         1473    i.LL_mDelay         stm32f0xx_ll_utils.o
    0x08001308   0x08001308   0x00000178   Code   RO          525    i.MX_GPIO_Init      gpio.o
    0x08001480   0x08001480   0x00000058   Code   RO          554    i.MX_I2C1_Init      i2c.o
    0x080014d8   0x080014d8   0x000000b4   Code   RO          590    i.MX_SPI1_Init      spi.o
    0x0800158c   0x0800158c   0x000000e0   Code   RO          620    i.MX_TIM15_Init     tim.o
    0x0800166c   0x0800166c   0x000000dc   Code   RO          621    i.MX_TIM1_Init      tim.o
    0x08001748   0x08001748   0x000000c0   Code   RO          622    i.MX_TIM3_Init      tim.o
    0x08001808   0x08001808   0x00000098   Code   RO          680    i.MX_USART1_UART_Init  usart.o
    0x080018a0   0x080018a0   0x00000084   Code   RO          681    i.MX_USART2_UART_Init  usart.o
    0x08001924   0x08001924   0x00000088   Code   RO          682    i.MX_USART3_UART_Init  usart.o
    0x080019ac   0x080019ac   0x00000084   Code   RO          683    i.MX_USART4_UART_Init  usart.o
    0x08001a30   0x08001a30   0x00000088   Code   RO          684    i.MX_USART5_UART_Init  usart.o
    0x08001ab8   0x08001ab8   0x00000084   Code   RO          685    i.MX_USART6_UART_Init  usart.o
    0x08001b3c   0x08001b3c   0x00000002   Code   RO          766    i.NMI_Handler       stm32f0xx_it.o
    0x08001b3e   0x08001b3e   0x00000002   PAD
    0x08001b40   0x08001b40   0x0000008c   Code   RO         2588    i.OC1Config         stm32f0xx_ll_tim.o
    0x08001bcc   0x08001bcc   0x00000090   Code   RO         2589    i.OC2Config         stm32f0xx_ll_tim.o
    0x08001c5c   0x08001c5c   0x00000098   Code   RO         2590    i.OC3Config         stm32f0xx_ll_tim.o
    0x08001cf4   0x08001cf4   0x00000002   Code   RO          767    i.PendSV_Handler    stm32f0xx_it.o
    0x08001cf6   0x08001cf6   0x00000002   PAD
    0x08001cf8   0x08001cf8   0x0000001c   Code   RO         1408    i.RCC_GetHCLKClockFreq  stm32f0xx_ll_rcc.o
    0x08001d14   0x08001d14   0x00000018   Code   RO         1409    i.RCC_GetPCLK1ClockFreq  stm32f0xx_ll_rcc.o
    0x08001d2c   0x08001d2c   0x00000024   Code   RO         1410    i.RCC_GetSystemClockFreq  stm32f0xx_ll_rcc.o
    0x08001d50   0x08001d50   0x0000002c   Code   RO         1411    i.RCC_PLL_GetFreqDomain_SYS  stm32f0xx_ll_rcc.o
    0x08001d7c   0x08001d7c   0x00000002   Code   RO          768    i.SVC_Handler       stm32f0xx_it.o
    0x08001d7e   0x08001d7e   0x00000002   PAD
    0x08001d80   0x08001d80   0x00000014   Code   RO          370    i.Send_Data_To_UART1  main.o
    0x08001d94   0x08001d94   0x0000000a   Code   RO          371    i.Send_Data_To_UARTx  main.o
    0x08001d9e   0x08001d9e   0x00000008   Code   RO          769    i.SysTick_Handler   stm32f0xx_it.o
    0x08001da6   0x08001da6   0x00000002   PAD
    0x08001da8   0x08001da8   0x000000b8   Code   RO          372    i.SystemClock_Config  main.o
    0x08001e60   0x08001e60   0x00000002   Code   RO         2759    i.SystemInit        system_stm32f0xx.o
    0x08001e62   0x08001e62   0x00000002   Code   RO          770    i.USART1_IRQHandler  stm32f0xx_it.o
    0x08001e64   0x08001e64   0x00000002   Code   RO          771    i.USART2_IRQHandler  stm32f0xx_it.o
    0x08001e66   0x08001e66   0x00000002   Code   RO          772    i.USART3_6_IRQHandler  stm32f0xx_it.o
    0x08001e68   0x08001e68   0x0000001a   Code   RO          353    i.__ARM_common_switch8  app_mp2664gg.o
    0x08001e82   0x08001e82   0x00000002   PAD
    0x08001e84   0x08001e84   0x00000018   Code   RO          686    i.__NVIC_EnableIRQ  usart.o
    0x08001e9c   0x08001e9c   0x00000044   Code   RO          687    i.__NVIC_SetPriority  usart.o
    0x08001ee0   0x08001ee0   0x00000044   Code   RO         2033    i.__NVIC_SetPriority  stm32f0xx_hal_cortex.o
    0x08001f24   0x08001f24   0x0000000c   Code   RO          373    i.delay_nop         main.o
    0x08001f30   0x08001f30   0x00000010   Code   RO          219    i.get_fault         app_mp2664gg.o
    0x08001f40   0x08001f40   0x00000010   Code   RO          220    i.get_system_status  app_mp2664gg.o
    0x08001f50   0x08001f50   0x00000028   Code   RO          375    i.i2c_readreg       main.o
    0x08001f78   0x08001f78   0x0000002c   Code   RO          377    i.i2c_writereg      main.o
    0x08001fa4   0x08001fa4   0x00000016   Code   RO          378    i.iputbytes1        main.o
    0x08001fba   0x08001fba   0x00000018   Code   RO          381    i.iputsx            main.o
    0x08001fd2   0x08001fd2   0x00000002   PAD
    0x08001fd4   0x08001fd4   0x00000024   Code   RO           12    i.led2spi_data      app_rgbled.o
    0x08001ff8   0x08001ff8   0x00000022   Code   RO           13    i.led2spi_onedata   app_rgbled.o
    0x0800201a   0x0800201a   0x00000002   PAD
    0x0800201c   0x0800201c   0x000001e8   Code   RO          382    i.main              main.o
    0x08002204   0x08002204   0x00000024   Code   RO          221    i.opencharge        app_mp2664gg.o
    0x08002228   0x08002228   0x00000030   Code   RO          383    i.pwmled_task       main.o
    0x08002258   0x08002258   0x00000054   Code   RO           14    i.rgbled_task       app_rgbled.o
    0x080022ac   0x080022ac   0x00000050   Code   RO          222    i.selbattchannel    app_mp2664gg.o
    0x080022fc   0x080022fc   0x0000002a   Code   RO          224    i.set_batt_regulation_voltage  app_mp2664gg.o
    0x08002326   0x08002326   0x00000002   PAD
    0x08002328   0x08002328   0x00000020   Code   RO           19    i.set_color_rgb     app_rgbled.o
    0x08002348   0x08002348   0x0000002a   Code   RO          225    i.set_fastcharge_current  app_mp2664gg.o
    0x08002372   0x08002372   0x00000002   PAD
    0x08002374   0x08002374   0x00000024   Code   RO          384    i.spi_transmitbytes  main.o
    0x08002398   0x08002398   0x0000003c   Code   RO          385    i.uartsendcmd       main.o
    0x080023d4   0x080023d4   0x00000036   Code   RO          388    i.uartsendstrx      main.o
    0x0800240a   0x0800240a   0x0000000e   Data   RO          623    .constdata          tim.o
    0x08002418   0x08002418   0x00000010   Data   RO         2760    .constdata          system_stm32f0xx.o
    0x08002428   0x08002428   0x00000008   Data   RO         2761    .constdata          system_stm32f0xx.o
    0x08002430   0x08002430   0x00000020   Data   RO         2975    Region$$Table       anon$$obj.o


    Execution Region RW_IRAM1 (Exec base: 0x20000000, Load base: 0x08002450, Size: 0x00000958, Max: 0x00008000, ABSOLUTE)

    Exec Addr    Load Addr    Size         Type   Attr      Idx    E Section Name        Object

    0x20000000   0x08002450   0x00000049   Data   RW           23    .data               app_rgbled.o
    0x20000049   0x08002499   0x00000003   PAD
    0x2000004c   0x0800249c   0x00000008   Data   RW          389    .data               main.o
    0x20000054   0x080024a4   0x0000000c   Data   RW         1728    .data               stm32f0xx_hal.o
    0x20000060   0x080024b0   0x00000004   Data   RW         2762    .data               system_stm32f0xx.o
    0x20000064        -       0x00000240   Zero   RW           22    .bss                app_rgbled.o
    0x200002a4        -       0x00000054   Zero   RW          555    .bss                i2c.o
    0x200002f8        -       0x00000060   Zero   RW         2848    .bss                c_p.l(libspace.o)
    0x20000358        -       0x00000200   Zero   RW            2    HEAP                startup_stm32f030xc.o
    0x20000558        -       0x00000400   Zero   RW            1    STACK               startup_stm32f030xc.o


==============================================================================

Image component sizes


      Code (inc. data)   RO Data    RW Data    ZI Data      Debug   Object Name

       258         14          0          0          0       7745   app_mp2664gg.o
       186         22          0         73        576     241592   app_rgbled.o
       400         16          0          0          0       4391   gpio.o
       188         26          0          0         84       1577   i2c.o
      1046        184          0          8          0      53610   main.o
       180          8          0          0          0      11483   spi.o
        56         26        184          0       1536        628   startup_stm32f030xc.o
       128         26          0         12          0       7389   stm32f0xx_hal.o
       124         18          0          0          0       9620   stm32f0xx_hal_cortex.o
       420         24          0          0          0       1480   stm32f0xx_hal_gpio.o
      1680         38          0          0          0      11810   stm32f0xx_hal_i2c.o
       146          0          0          0          0       1871   stm32f0xx_hal_i2c_ex.o
        40          6          0          0          0        802   stm32f0xx_hal_msp.o
        22          0          0          0          0       3333   stm32f0xx_it.o
       174          0          0          0          0       6691   stm32f0xx_ll_gpio.o
       240         42          0          0          0      15972   stm32f0xx_ll_rcc.o
       120          8          0          0          0      11294   stm32f0xx_ll_spi.o
       804         90          0          0          0      34614   stm32f0xx_ll_tim.o
       212         32          0          0          0      17748   stm32f0xx_ll_usart.o
        44         10          0          0          0       5184   stm32f0xx_ll_utils.o
         2          0         24          4          0       1079   system_stm32f0xx.o
       860         58         14          0          0      32606   tim.o
      1004         94          0          0          0      33292   usart.o

    ----------------------------------------------------------------------
      8360        742        254        100       2196     515811   Object Totals
         0          0         32          0          0          0   (incl. Generated)
        26          0          0          3          0          0   (incl. Padding)

    ----------------------------------------------------------------------

      Code (inc. data)   RO Data    RW Data    ZI Data      Debug   Library Member Name

         8          0          0          0          0         68   __main.o
         0          0          0          0          0          0   __rtentry.o
        12          0          0          0          0          0   __rtentry2.o
         6          0          0          0          0          0   __rtentry4.o
        60          8          0          0          0          0   __scatter.o
        26          0          0          0          0          0   __scatter_copy.o
        28          0          0          0          0          0   __scatter_zi.o
       346          0          0          0          0         92   aeabi_sdiv.o
        16          0          0          0          0         68   exit.o
         6          0          0          0          0        136   heapauxi.o
         0          0          0          0          0          0   indicate_semi.o
         2          0          0          0          0          0   libinit.o
         2          0          0          0          0          0   libinit2.o
         2          0          0          0          0          0   libshutdown.o
         2          0          0          0          0          0   libshutdown2.o
         8          4          0          0         96         68   libspace.o
        64          0          0          0          0        108   rt_memclr.o
         2          0          0          0          0          0   rtexit.o
        10          0          0          0          0          0   rtexit2.o
        12          4          0          0          0         60   sys_exit.o
        62          0          0          0          0         80   sys_stackheap_outer.o
         2          0          0          0          0         68   use_no_semi.o

    ----------------------------------------------------------------------
       682         16          0          0         96        748   Library Totals
         6          0          0          0          0          0   (incl. Padding)

    ----------------------------------------------------------------------

      Code (inc. data)   RO Data    RW Data    ZI Data      Debug   Library Name

       676         16          0          0         96        748   c_p.l

    ----------------------------------------------------------------------
       682         16          0          0         96        748   Library Totals

    ----------------------------------------------------------------------

==============================================================================


      Code (inc. data)   RO Data    RW Data    ZI Data      Debug   

      9042        758        254        100       2292     512323   Grand Totals
      9042        758        254        100       2292     512323   ELF Image Totals
      9042        758        254        100          0          0   ROM Totals

==============================================================================

    Total RO  Size (Code + RO Data)                 9296 (   9.08kB)
    Total RW  Size (RW Data + ZI Data)              2392 (   2.34kB)
    Total ROM Size (Code + RO Data + RW Data)       9396 (   9.18kB)

==============================================================================

